
Discarded input sections

 .note.GNU-stack
                0x0000000000000000        0x0 /home/it/Downloads/event-test/sourcebase/cross-compile/rts39xx_sdk_v5.0.1/toolchain/asdk-10.3.1-a7-EL-5.4-u1.0-a32nh-220218/bin/../lib/gcc/arm-linux-uclibcgnueabi/10.3.1/../../../../arm-linux-uclibcgnueabi/lib/crt1.o
 .note.GNU-stack
                0x0000000000000000        0x0 /home/it/Downloads/event-test/sourcebase/cross-compile/rts39xx_sdk_v5.0.1/toolchain/asdk-10.3.1-a7-EL-5.4-u1.0-a32nh-220218/bin/../lib/gcc/arm-linux-uclibcgnueabi/10.3.1/../../../../arm-linux-uclibcgnueabi/lib/crti.o
 .note.GNU-stack
                0x0000000000000000        0x0 /home/it/Downloads/event-test/sourcebase/cross-compile/rts39xx_sdk_v5.0.1/toolchain/asdk-10.3.1-a7-EL-5.4-u1.0-a32nh-220218/bin/../lib/gcc/arm-linux-uclibcgnueabi/10.3.1/crtbegin.o
 .debug_info    0x0000000000000000     0x4d71 _build_vvtk_I03S-debug/ak.o
 .debug_abbrev  0x0000000000000000      0x5b9 _build_vvtk_I03S-debug/ak.o
 .debug_loc     0x0000000000000000     0x3fd7 _build_vvtk_I03S-debug/ak.o
 .debug_aranges
                0x0000000000000000       0x28 _build_vvtk_I03S-debug/ak.o
 .debug_ranges  0x0000000000000000      0xdb0 _build_vvtk_I03S-debug/ak.o
 .debug_line    0x0000000000000000     0x2308 _build_vvtk_I03S-debug/ak.o
 .debug_str     0x0000000000000000     0x204b _build_vvtk_I03S-debug/ak.o
 .note.GNU-stack
                0x0000000000000000        0x0 _build_vvtk_I03S-debug/ak.o
 .debug_frame   0x0000000000000000      0x5ac _build_vvtk_I03S-debug/ak.o
 .debug_info    0x0000000000000000      0xc3a _build_vvtk_I03S-debug/message.o
 .debug_abbrev  0x0000000000000000      0x2c9 _build_vvtk_I03S-debug/message.o
 .debug_loc     0x0000000000000000      0x1dd _build_vvtk_I03S-debug/message.o
 .debug_aranges
                0x0000000000000000       0x20 _build_vvtk_I03S-debug/message.o
 .debug_line    0x0000000000000000      0x6bf _build_vvtk_I03S-debug/message.o
 .debug_str     0x0000000000000000      0x58d _build_vvtk_I03S-debug/message.o
 .note.GNU-stack
                0x0000000000000000        0x0 _build_vvtk_I03S-debug/message.o
 .debug_frame   0x0000000000000000       0xb8 _build_vvtk_I03S-debug/message.o
 .debug_info    0x0000000000000000     0x1708 _build_vvtk_I03S-debug/timer.o
 .debug_abbrev  0x0000000000000000      0x59e _build_vvtk_I03S-debug/timer.o
 .debug_loc     0x0000000000000000      0x42e _build_vvtk_I03S-debug/timer.o
 .debug_aranges
                0x0000000000000000       0x20 _build_vvtk_I03S-debug/timer.o
 .debug_line    0x0000000000000000      0xb84 _build_vvtk_I03S-debug/timer.o
 .debug_str     0x0000000000000000      0xece _build_vvtk_I03S-debug/timer.o
 .note.GNU-stack
                0x0000000000000000        0x0 _build_vvtk_I03S-debug/timer.o
 .debug_frame   0x0000000000000000      0x100 _build_vvtk_I03S-debug/timer.o
 .debug_info    0x0000000000000000      0x914 _build_vvtk_I03S-debug/fsm.o
 .debug_abbrev  0x0000000000000000      0x1e3 _build_vvtk_I03S-debug/fsm.o
 .debug_loc     0x0000000000000000       0x4a _build_vvtk_I03S-debug/fsm.o
 .debug_aranges
                0x0000000000000000       0x20 _build_vvtk_I03S-debug/fsm.o
 .debug_line    0x0000000000000000      0x442 _build_vvtk_I03S-debug/fsm.o
 .debug_str     0x0000000000000000      0x3dc _build_vvtk_I03S-debug/fsm.o
 .note.GNU-stack
                0x0000000000000000        0x0 _build_vvtk_I03S-debug/fsm.o
 .debug_frame   0x0000000000000000       0x20 _build_vvtk_I03S-debug/fsm.o
 .debug_info    0x0000000000000000      0xa83 _build_vvtk_I03S-debug/tsm.o
 .debug_abbrev  0x0000000000000000      0x25e _build_vvtk_I03S-debug/tsm.o
 .debug_loc     0x0000000000000000      0x1b3 _build_vvtk_I03S-debug/tsm.o
 .debug_aranges
                0x0000000000000000       0x20 _build_vvtk_I03S-debug/tsm.o
 .debug_line    0x0000000000000000      0x514 _build_vvtk_I03S-debug/tsm.o
 .debug_str     0x0000000000000000      0x4b2 _build_vvtk_I03S-debug/tsm.o
 .note.GNU-stack
                0x0000000000000000        0x0 _build_vvtk_I03S-debug/tsm.o
 .debug_frame   0x0000000000000000       0x60 _build_vvtk_I03S-debug/tsm.o
 .debug_info    0x0000000000000000      0xa9e _build_vvtk_I03S-debug/sys_dbg.o
 .debug_abbrev  0x0000000000000000      0x28c _build_vvtk_I03S-debug/sys_dbg.o
 .debug_loc     0x0000000000000000       0x9d _build_vvtk_I03S-debug/sys_dbg.o
 .debug_aranges
                0x0000000000000000       0x20 _build_vvtk_I03S-debug/sys_dbg.o
 .debug_line    0x0000000000000000      0x62b _build_vvtk_I03S-debug/sys_dbg.o
 .debug_str     0x0000000000000000      0x452 _build_vvtk_I03S-debug/sys_dbg.o
 .note.GNU-stack
                0x0000000000000000        0x0 _build_vvtk_I03S-debug/sys_dbg.o
 .debug_frame   0x0000000000000000       0x48 _build_vvtk_I03S-debug/sys_dbg.o
 .group         0x0000000000000000       0x14 _build_vvtk_I03S-debug/app.o
 .debug_info    0x0000000000000000     0x2bab _build_vvtk_I03S-debug/app.o
 .debug_abbrev  0x0000000000000000      0x76f _build_vvtk_I03S-debug/app.o
[...]
Memory Configuration

Name             Origin             Length             Attributes
*default*        0x0000000000000000 0xffffffffffffffff

Linker script and memory map

LOAD /home/it/Downloads/event-test/sourcebase/cross-compile/rts39xx_sdk_v5.0.1/toolchain/asdk-10.3.1-a7-EL-5.4-u1.0-a32nh-220218/bin/../lib/gcc/arm-linux-uclibcgnueabi/10.3.1/../../../../arm-linux-uclibcgnueabi/lib/crt1.o
LOAD /home/it/Downloads/event-test/sourcebase/cross-compile/rts39xx_sdk_v5.0.1/toolchain/asdk-10.3.1-a7-EL-5.4-u1.0-a32nh-220218/bin/../lib/gcc/arm-linux-uclibcgnueabi/10.3.1/../../../../arm-linux-uclibcgnueabi/lib/crti.o
LOAD /home/it/Downloads/event-test/sourcebase/cross-compile/rts39xx_sdk_v5.0.1/toolchain/asdk-10.3.1-a7-EL-5.4-u1.0-a32nh-220218/bin/../lib/gcc/arm-linux-uclibcgnueabi/10.3.1/crtbegin.o
LOAD _build_vvtk_I03S-debug/ak.o
LOAD _build_vvtk_I03S-debug/message.o
LOAD _build_vvtk_I03S-debug/timer.o
LOAD _build_vvtk_I03S-debug/fsm.o
LOAD _build_vvtk_I03S-debug/tsm.o
LOAD _build_vvtk_I03S-debug/sys_dbg.o
LOAD _build_vvtk_I03S-debug/app.o
LOAD _build_vvtk_I03S-debug/task_list.o
LOAD _build_vvtk_I03S-debug/task_webrtc.o
LOAD _build_vvtk_I03S-debug/cmd_line.o
LOAD _build_vvtk_I03S-debug/jsmn.o
LOAD _build_vvtk_I03S-debug/utils.o
LOAD _build_vvtk_I03S-debug/fifo.o
LOAD sources/libraries/arm_rts/lib/libmosquittopp.a
LOAD sources/libraries/arm_rts/lib/libmosquitto.a
LOAD sources/libraries/arm_rts/libdatachannel/lib/libdatachannel.a
LOAD sources/libraries/arm_rts/libdatachannel/lib/libjuice.a
LOAD sources/libraries/arm_rts/libdatachannel/lib/libsrtp2.a
LOAD sources/libraries/arm_rts/libdatachannel/lib/libusrsctp.a
LOAD sources/libraries/arm_rts/lib/libs3.a
LOAD /home/it/Downloads/event-test/sourcebase/cross-compile/rts39xx_sdk_v5.0.1/toolchain/asdk-10.3.1-a7-EL-5.4-u1.0-a32nh-220218/bin/../lib/gcc/arm-linux-uclibcgnueabi/10.3.1/../../../../arm-linux-uclibcgnueabi/lib/libpthread.a
LOAD /home/it/Downloads/event-test/sourcebase/cross-compile/rts39xx_sdk_v5.0.1/toolchain/asdk-10.3.1-a7-EL-5.4-u1.0-a32nh-220218/bin/../lib/gcc/arm-linux-uclibcgnueabi/10.3.1/../../../../arm-linux-uclibcgnueabi/lib/librt.a
LOAD sources/libraries/arm_rts/lib/libcurl.so
LOAD sources/libraries/arm_rts/lib/libcrypto.so
LOAD sources/libraries/arm_rts/lib/libssl.so
LOAD /home/it/Downloads/event-test/sourcebase/cross-compile/rts39xx_sdk_v5.0.1/toolchain/asdk-10.3.1-a7-EL-5.4-u1.0-a32nh-220218/bin/../lib/gcc/arm-linux-uclibcgnueabi/10.3.1/../../../../arm-linux-uclibcgnueabi/lib/libm.a
LOAD sources/libraries/libvvtk/lib/libvvtkhal.so
LOAD /home/it/Downloads/event-test/sourcebase/cross-compile/rts39xx_sdk_v5.0.1/toolchain/asdk-10.3.1-a7-EL-5.4-u1.0-a32nh-220218/bin/../lib/gcc/arm-linux-uclibcgnueabi/10.3.1/../../../../arm-linux-uclibcgnueabi/lib/libstdc++.so
LOAD /home/it/Downloads/event-test/sourcebase/cross-compile/rts39xx_sdk_v5.0.1/toolchain/asdk-10.3.1-a7-EL-5.4-u1.0-a32nh-220218/bin/../lib/gcc/arm-linux-uclibcgnueabi/10.3.1/../../../../arm-linux-uclibcgnueabi/lib/libm.a
LOAD /home/it/Downloads/event-test/sourcebase/cross-compile/rts39xx_sdk_v5.0.1/toolchain/asdk-10.3.1-a7-EL-5.4-u1.0-a32nh-220218/bin/../lib/gcc/arm-linux-uclibcgnueabi/10.3.1/../../../../arm-linux-uclibcgnueabi/lib/libgcc_s.so
START GROUP
LOAD /home/it/Downloads/event-test/sourcebase/cross-compile/rts39xx_sdk_v5.0.1/toolchain/asdk-10.3.1-a7-EL-5.4-u1.0-a32nh-220218/bin/../lib/gcc/arm-linux-uclibcgnueabi/10.3.1/../../../../arm-linux-uclibcgnueabi/lib/libgcc_s.so.1
LOAD /home/it/Downloads/event-test/sourcebase/cross-compile/rts39xx_sdk_v5.0.1/toolchain/asdk-10.3.1-a7-EL-5.4-u1.0-a32nh-220218/bin/../lib/gcc/arm-linux-uclibcgnueabi/10.3.1/libgcc.a
END GROUP
LOAD /home/it/Downloads/event-test/sourcebase/cross-compile/rts39xx_sdk_v5.0.1/toolchain/asdk-10.3.1-a7-EL-5.4-u1.0-a32nh-220218/bin/../lib/gcc/arm-linux-uclibcgnueabi/10.3.1/libgcc.a
LOAD /home/it/Downloads/event-test/sourcebase/cross-compile/rts39xx_sdk_v5.0.1/toolchain/asdk-10.3.1-a7-EL-5.4-u1.0-a32nh-220218/bin/../lib/gcc/arm-linux-uclibcgnueabi/10.3.1/../../../../arm-linux-uclibcgnueabi/lib/libc.so
START GROUP
LOAD /home/it/Downloads/event-test/sourcebase/cross-compile/rts39xx_sdk_v5.0.1/toolchain/asdk-10.3.1-a7-EL-5.4-u1.0-a32nh-220218/bin/../lib/gcc/arm-linux-uclibcgnueabi/10.3.1/../../../../arm-linux-uclibcgnueabi/lib/libc.so.1
LOAD /home/it/Downloads/event-test/sourcebase/cross-compile/rts39xx_sdk_v5.0.1/toolchain/asdk-10.3.1-a7-EL-5.4-u1.0-a32nh-220218/bin/../lib/gcc/arm-linux-uclibcgnueabi/10.3.1/../../../../arm-linux-uclibcgnueabi/lib/uclibc_nonshared.a
LOAD /home/it/Downloads/event-test/sourcebase/cross-compile/rts39xx_sdk_v5.0.1/toolchain/asdk-10.3.1-a7-EL-5.4-u1.0-a32nh-220218/bin/../lib/gcc/arm-linux-uclibcgnueabi/10.3.1/../../../../arm-linux-uclibcgnueabi/lib/libpthread_nonshared.a
LOAD /home/it/Downloads/event-test/sourcebase/cross-compile/rts39xx_sdk_v5.0.1/toolchain/asdk-10.3.1-a7-EL-5.4-u1.0-a32nh-220218/bin/../lib/gcc/arm-linux-uclibcgnueabi/10.3.1/../../../../arm-linux-uclibcgnueabi/lib/ld-uClibc.so.1
END GROUP
LOAD /home/it/Downloads/event-test/sourcebase/cross-compile/rts39xx_sdk_v5.0.1/toolchain/asdk-10.3.1-a7-EL-5.4-u1.0-a32nh-220218/bin/../lib/gcc/arm-linux-uclibcgnueabi/10.3.1/../../../../arm-linux-uclibcgnueabi/lib/libgcc_s.so
START GROUP
LOAD /home/it/Downloads/event-test/sourcebase/cross-compile/rts39xx_sdk_v5.0.1/toolchain/asdk-10.3.1-a7-EL-5.4-u1.0-a32nh-220218/bin/../lib/gcc/arm-linux-uclibcgnueabi/10.3.1/../../../../arm-linux-uclibcgnueabi/lib/libgcc_s.so.1
LOAD /home/it/Downloads/event-test/sourcebase/cross-compile/rts39xx_sdk_v5.0.1/toolchain/asdk-10.3.1-a7-EL-5.4-u1.0-a32nh-220218/bin/../lib/gcc/arm-linux-uclibcgnueabi/10.3.1/libgcc.a
END GROUP
LOAD /home/it/Downloads/event-test/sourcebase/cross-compile/rts39xx_sdk_v5.0.1/toolchain/asdk-10.3.1-a7-EL-5.4-u1.0-a32nh-220218/bin/../lib/gcc/arm-linux-uclibcgnueabi/10.3.1/libgcc.a
LOAD /home/it/Downloads/event-test/sourcebase/cross-compile/rts39xx_sdk_v5.0.1/toolchain/asdk-10.3.1-a7-EL-5.4-u1.0-a32nh-220218/bin/../lib/gcc/arm-linux-uclibcgnueabi/10.3.1/crtend.o
LOAD /home/it/Downloads/event-test/sourcebase/cross-compile/rts39xx_sdk_v5.0.1/toolchain/asdk-10.3.1-a7-EL-5.4-u1.0-a32nh-220218/bin/../lib/gcc/arm-linux-uclibcgnueabi/10.3.1/../../../../arm-linux-uclibcgnueabi/lib/crtn.o
                [!provide]                        PROVIDE (__executable_start = SEGMENT_START ("text-segment", 0x10000))
                0x0000000000010154                . = (SEGMENT_START ("text-segment", 0x10000) + SIZEOF_HEADERS)

.interp         0x0000000000010154       0x14
 *(.interp)
 .interp        0x0000000000010154       0x14 /home/it/Downloads/event-test/sourcebase/cross-compile/rts39xx_sdk_v5.0.1/toolchain/asdk-10.3.1-a7-EL-5.4-u1.0-a32nh-220218/bin/../lib/gcc/arm-linux-uclibcgnueabi/10.3.1/../../../../arm-linux-uclibcgnueabi/lib/crt1.o

.note.gnu.build-id
                0x0000000000010168       0x24
 *(.note.gnu.build-id)
 .note.gnu.build-id
                0x0000000000010168       0x24 linker stubs

.hash           0x000000000001018c      0x474
 *(.hash)
 .hash          0x000000000001018c      0x474 /home/it/Downloads/event-test/sourcebase/cross-compile/rts39xx_sdk_v5.0.1/toolchain/asdk-10.3.1-a7-EL-5.4-u1.0-a32nh-220218/bin/../lib/gcc/arm-linux-uclibcgnueabi/10.3.1/../../../../arm-linux-uclibcgnueabi/lib/crt1.o

.gnu.hash       0x0000000000010600      0x4dc
 *(.gnu.hash)
 .gnu.hash      0x0000000000010600      0x4dc /home/it/Downloads/event-test/sourcebase/cross-compile/rts39xx_sdk_v5.0.1/toolchain/asdk-10.3.1-a7-EL-5.4-u1.0-a32nh-220218/bin/../lib/gcc/arm-linux-uclibcgnueabi/10.3.1/../../../../arm-linux-uclibcgnueabi/lib/crt1.o

.dynsym         0x0000000000010adc      0x980
 *(.dynsym)
 .dynsym        0x0000000000010adc      0x980 /home/it/Downloads/event-test/sourcebase/cross-compile/rts39xx_sdk_v5.0.1/toolchain/asdk-10.3.1-a7-EL-5.4-u1.0-a32nh-220218/bin/../lib/gcc/arm-linux-uclibcgnueabi/10.3.1/../../../../arm-linux-uclibcgnueabi/lib/crt1.o

.dynstr         0x000000000001145c      0xf67
 *(.dynstr)
 .dynstr        0x000000000001145c      0xf67 /home/it/Downloads/event-test/sourcebase/cross-compile/rts39xx_sdk_v5.0.1/toolchain/asdk-10.3.1-a7-EL-5.4-u1.0-a32nh-220218/bin/../lib/gcc/arm-linux-uclibcgnueabi/10.3.1/../../../../arm-linux-uclibcgnueabi/lib/crt1.o

.gnu.version    0x00000000000123c4      0x130
 *(.gnu.version)
 .gnu.version   0x00000000000123c4      0x130 /home/it/Downloads/event-test/sourcebase/cross-compile/rts39xx_sdk_v5.0.1/toolchain/asdk-10.3.1-a7-EL-5.4-u1.0-a32nh-220218/bin/../lib/gcc/arm-linux-uclibcgnueabi/10.3.1/../../../../arm-linux-uclibcgnueabi/lib/crt1.o

.gnu.version_d  0x00000000000124f4        0x0
 *(.gnu.version_d)
 .gnu.version_d
                0x00000000000124f4        0x0 /home/it/Downloads/event-test/sourcebase/cross-compile/rts39xx_sdk_v5.0.1/toolchain/asdk-10.3.1-a7-EL-5.4-u1.0-a32nh-220218/bin/../lib/gcc/arm-linux-uclibcgnueabi/10.3.1/../../../../arm-linux-uclibcgnueabi/lib/crt1.o

.gnu.version_r  0x00000000000124f4       0xc0
 *(.gnu.version_r)
 .gnu.version_r
                0x00000000000124f4       0xc0 /home/it/Downloads/event-test/sourcebase/cross-compile/rts39xx_sdk_v5.0.1/toolchain/asdk-10.3.1-a7-EL-5.4-u1.0-a32nh-220218/bin/../lib/gcc/arm-linux-uclibcgnueabi/10.3.1/../../../../arm-linux-uclibcgnueabi/lib/crt1.o

.rel.dyn        0x00000000000125b4       0x50
 *(.rel.init)
 *(.rel.text .rel.text.* .rel.gnu.linkonce.t.*)
 *(.rel.fini)
 *(.rel.rodata .rel.rodata.* .rel.gnu.linkonce.r.*)
 *(.rel.data.rel.ro .rel.data.rel.ro.* .rel.gnu.linkonce.d.rel.ro.*)
 .rel.data.rel.ro
                0x00000000000125b4       0x40 /home/it/Downloads/event-test/sourcebase/cross-compile/rts39xx_sdk_v5.0.1/toolchain/asdk-10.3.1-a7-EL-5.4-u1.0-a32nh-220218/bin/../lib/gcc/arm-linux-uclibcgnueabi/10.3.1/../../../../arm-linux-uclibcgnueabi/lib/crt1.o
 *(.rel.data .rel.data.* .rel.gnu.linkonce.d.*)
 *(.rel.tdata .rel.tdata.* .rel.gnu.linkonce.td.*)
 *(.rel.tbss .rel.tbss.* .rel.gnu.linkonce.tb.*)
 *(.rel.ctors)
 *(.rel.dtors)
 *(.rel.got)
 .rel.got       0x00000000000125f4        0x8 /home/it/Downloads/event-test/sourcebase/cross-compile/rts39xx_sdk_v5.0.1/toolchain/asdk-10.3.1-a7-EL-5.4-u1.0-a32nh-220218/bin/../lib/gcc/arm-linux-uclibcgnueabi/10.3.1/../../../../arm-linux-uclibcgnueabi/lib/crt1.o
 *(.rel.bss .rel.bss.* .rel.gnu.linkonce.b.*)
 .rel.bss       0x00000000000125fc        0x8 /home/it/Downloads/event-test/sourcebase/cross-compile/rts39xx_sdk_v5.0.1/toolchain/asdk-10.3.1-a7-EL-5.4-u1.0-a32nh-220218/bin/../lib/gcc/arm-linux-uclibcgnueabi/10.3.1/../../../../arm-linux-uclibcgnueabi/lib/crt1.o
                [!provide]                        PROVIDE (__rel_iplt_start = .)
 *(.rel.iplt)
 .rel.iplt      0x0000000000012604        0x0 /home/it/Downloads/event-test/sourcebase/cross-compile/rts39xx_sdk_v5.0.1/toolchain/asdk-10.3.1-a7-EL-5.4-u1.0-a32nh-220218/bin/../lib/gcc/arm-linux-uclibcgnueabi/10.3.1/../../../../arm-linux-uclibcgnueabi/lib/crt1.o
                [!provide]                        PROVIDE (__rel_iplt_end = .)

.rela.dyn       0x0000000000012604        0x0
 *(.rela.init)
 *(.rela.text .rela.text.* .rela.gnu.linkonce.t.*)
 *(.rela.fini)
 *(.rela.rodata .rela.rodata.* .rela.gnu.linkonce.r.*)
 *(.rela.data .rela.data.* .rela.gnu.linkonce.d.*)
 *(.rela.tdata .rela.tdata.* .rela.gnu.linkonce.td.*)
 *(.rela.tbss .rela.tbss.* .rela.gnu.linkonce.tb.*)
 *(.rela.ctors)
 *(.rela.dtors)
 *(.rela.got)
 *(.rela.bss .rela.bss.* .rela.gnu.linkonce.b.*)
                [!provide]                        PROVIDE (__rela_iplt_start = .)
 *(.rela.iplt)
                [!provide]                        PROVIDE (__rela_iplt_end = .)

.rel.plt        0x0000000000012604      0x428
 *(.rel.plt)
 .rel.plt       0x0000000000012604      0x428 /home/it/Downloads/event-test/sourcebase/cross-compile/rts39xx_sdk_v5.0.1/toolchain/asdk-10.3.1-a7-EL-5.4-u1.0-a32nh-220218/bin/../lib/gcc/arm-linux-uclibcgnueabi/10.3.1/../../../../arm-linux-uclibcgnueabi/lib/crt1.o

.rela.plt
 *(.rela.plt)

.init           0x0000000000012a2c       0x10
 *(SORT_NONE(.init))
 .init          0x0000000000012a2c        0xc /home/it/Downloads/event-test/sourcebase/cross-compile/rts39xx_sdk_v5.0.1/toolchain/asdk-10.3.1-a7-EL-5.4-u1.0-a32nh-220218/bin/../lib/gcc/arm-linux-uclibcgnueabi/10.3.1/../../../../arm-linux-uclibcgnueabi/lib/crti.o
                0x0000000000012a2c                _init
 .init          0x0000000000012a38        0x4 /home/it/Downloads/event-test/sourcebase/cross-compile/rts39xx_sdk_v5.0.1/toolchain/asdk-10.3.1-a7-EL-5.4-u1.0-a32nh-220218/bin/../lib/gcc/arm-linux-uclibcgnueabi/10.3.1/../../../../arm-linux-uclibcgnueabi/lib/crtn.o

.plt            0x0000000000012a3c      0x650
 *(.plt)
 .plt           0x0000000000012a3c      0x650 /home/it/Downloads/event-test/sourcebase/cross-compile/rts39xx_sdk_v5.0.1/toolchain/asdk-10.3.1-a7-EL-5.4-u1.0-a32nh-220218/bin/../lib/gcc/arm-linux-uclibcgnueabi/10.3.1/../../../../arm-linux-uclibcgnueabi/lib/crt1.o
                0x0000000000012a50                std::ostream::put(char)@@GLIBCXX_3.4
                0x0000000000012a5c                pthread_cond_signal
                0x0000000000012a68                pthread_attr_setschedpolicy
                0x0000000000012a74                operator new(unsigned int)@@GLIBCXX_3.4
                0x0000000000012a80                __aeabi_uldivmod@@GCC_3.5
                0x0000000000012a8c                strncpy
                0x0000000000012a98                execve
                0x0000000000012aa4                exit
                0x0000000000012ab0                std::_Rb_tree_insert_and_rebalance(bool, std::_Rb_tree_node_base*, std::_Rb_tree_node_base*, std::_Rb_tree_node_base&)@@GLIBCXX_3.4
                0x0000000000012abc                strlen
                0x0000000000012ac8                __aeabi_atexit@@CXXABI_ARM_1.3.3
                0x0000000000012ad4                printf
                0x0000000000012ae0                std::basic_fstream<char, std::char_traits<char> >::~basic_fstream()@@GLIBCXX_3.4
                0x0000000000012aec                std::basic_filebuf<char, std::char_traits<char> >::close()@@GLIBCXX_3.4
                0x0000000000012af8                std::__basic_file<char>::is_open() const@@GLIBCXX_3.4
                0x0000000000012b04                free
                0x0000000000012b10                abort
                0x0000000000012b1c                memmove
                0x0000000000012b28                std::terminate()@@GLIBCXX_3.4
                0x0000000000012b34                std::ios_base::ios_base()@@GLIBCXX_3.4
                0x0000000000012b40                fork
                0x0000000000012b4c                std::ios_base::~ios_base()@@GLIBCXX_3.4
                0x0000000000012b58                pthread_create
                0x0000000000012b64                std::__throw_bad_alloc()@@GLIBCXX_3.4
                0x0000000000012b70                std::__throw_bad_function_call()@@GLIBCXX_3.4.14
                0x0000000000012b7c                strtoull
                0x0000000000012b88                std::runtime_error::runtime_error(char const*)@@GLIBCXX_3.4.21
                0x0000000000012b94                strtok
                0x0000000000012ba0                std::__cxx11::basic_string<char, std::char_traits<char>, std::allocator<char> >::_M_replace(unsigned int, unsigned int, char const*, unsigned int)@@GLIBCXX_3.4.21
                0x0000000000012bac                __cxa_begin_catch@@CXXABI_1.3
                0x0000000000012bb8                std::__cxx11::basic_string<char, std::char_traits<char>, std::allocator<char> >::reserve(unsigned int)@@GLIBCXX_3.4.21
                0x0000000000012bc4                std::runtime_error::runtime_error(std::runtime_error const&)@@GLIBCXX_3.4.21
                0x0000000000012bd0                __cxa_allocate_exception@@CXXABI_1.3
                0x0000000000012bdc                __uClibc_main
                0x0000000000012be8                pthread_self
                0x0000000000012bf4                std::__throw_length_error(char const*)@@GLIBCXX_3.4
                0x0000000000012c00                sleep
                0x0000000000012c0c                std::__cxx11::basic_string<char, std::char_traits<char>, std::allocator<char> >::basic_string(std::__cxx11::basic_string<char, std::char_traits<char>, std::allocator<char> >&&)@@GLIBCXX_3.4.21
                0x0000000000012c24                snprintf
                0x0000000000012c30                vsprintf
                0x0000000000012c3c                std::_Rb_tree_rebalance_for_erase(std::_Rb_tree_node_base*, std::_Rb_tree_node_base&)@@GLIBCXX_3.4
                0x0000000000012c48                std::__throw_invalid_argument(char const*)@@GLIBCXX_3.4
                0x0000000000012c54                std::ostream::flush()@@GLIBCXX_3.4
                0x0000000000012c60                strcmp
                0x0000000000012c6c                operator delete(void*, unsigned int)@@CXXABI_1.3.9
                0x0000000000012c78                std::_Rb_tree_increment(std::_Rb_tree_node_base*)@@GLIBCXX_3.4
                0x0000000000012c84                std::__throw_logic_error(char const*)@@GLIBCXX_3.4
                0x0000000000012c90                __cxa_free_exception@@CXXABI_1.3
                0x0000000000012c9c                pthread_mutex_unlock
                0x0000000000012ca8                std::__cxx11::basic_string<char, std::char_traits<char>, std::allocator<char> >::insert(unsigned int, char const*)@@GLIBCXX_3.4.21
                0x0000000000012cb4                pthread_attr_init
                0x0000000000012cc0                memset
                0x0000000000012ccc                std::__cxx11::basic_string<char, std::char_traits<char>, std::allocator<char> >::push_back(char)@@GLIBCXX_3.4.21
                0x0000000000012cd8                std::basic_filebuf<char, std::char_traits<char> >::open(char const*, std::_Ios_Openmode)@@GLIBCXX_3.4
                0x0000000000012ce4                fopen
                0x0000000000012cf0                __pthread_key_create
                0x0000000000012cfc                pthread_cond_init
                0x0000000000012d08                strcpy
                0x0000000000012d14                __errno_location
                0x0000000000012d20                time
                0x0000000000012d2c                fwrite
                0x0000000000012d38                pthread_mutex_lock
                0x0000000000012d44                std::__cxx11::basic_string<char, std::char_traits<char>, std::allocator<char> >::_M_append(char const*, unsigned int)@@GLIBCXX_3.4.21
                0x0000000000012d50                memcmp
                0x0000000000012d5c                std::runtime_error::~runtime_error()@@GLIBCXX_3.4
                0x0000000000012d68                std::__cxx11::basic_string<char, std::char_traits<char>, std::allocator<char> >::_M_construct(unsigned int, char)@@GLIBCXX_3.4.21
                0x0000000000012d74                std::type_info::operator==(std::type_info const&) const@@GLIBCXX_3.4
                0x0000000000012d80                std::basic_filebuf<char, std::char_traits<char> >::basic_filebuf()@@GLIBCXX_3.4
                0x0000000000012d8c                std::_Rb_tree_decrement(std::_Rb_tree_node_base*)@@GLIBCXX_3.4
                0x0000000000012d98                fsync
                0x0000000000012da4                strftime
                0x0000000000012db0                __cxa_end_cleanup@@CXXABI_1.3
                0x0000000000012dbc                strtod
                0x0000000000012dc8                strtol
                0x0000000000012dd4                timer_settime
                0x0000000000012de0                std::ctype<char>::_M_widen_init() const@@GLIBCXX_3.4.11
                0x0000000000012dec                malloc
                0x0000000000012df8                std::_Rb_tree_increment(std::_Rb_tree_node_base const*)@@GLIBCXX_3.4
                0x0000000000012e04                gettimeofday
                0x0000000000012e10                pread
                0x0000000000012e1c                pthread_cond_wait
                0x0000000000012e28                localeconv
                0x0000000000012e34                std::__throw_bad_cast()@@GLIBCXX_3.4
                0x0000000000012e40                fstat
                0x0000000000012e4c                memcpy
                0x0000000000012e58                usleep
                0x0000000000012e64                std::basic_ostream<char, std::char_traits<char> >& std::__ostream_insert<char, std::char_traits<char> >(std::basic_ostream<char, std::char_traits<char> >&, char const*, int)@@GLIBCXX_3.4.9
                0x0000000000012e70                popen
                0x0000000000012e7c                pclose
                0x0000000000012e88                timer_create
                0x0000000000012e94                strtoll
                0x0000000000012ea0                localtime
                0x0000000000012eac                std::basic_ios<char, std::char_traits<char> >::init(std::basic_streambuf<char, std::char_traits<char> >*)@@GLIBCXX_3.4
                0x0000000000012eb8                waitpid
                0x0000000000012ec4                fileno
                0x0000000000012ed0                std::runtime_error::what() const@@GLIBCXX_3.4
                0x0000000000012edc                std::locale::~locale()@@GLIBCXX_3.4
                0x0000000000012ef4                std::__throw_out_of_range(char const*)@@GLIBCXX_3.4
                0x0000000000012f00                closedir
                0x0000000000012f0c                __cxa_rethrow@@CXXABI_1.3
                0x0000000000012f18                std::__throw_out_of_range_fmt(char const*, ...)@@GLIBCXX_3.4.20
                0x0000000000012f24                open
                0x0000000000012f30                std::ios_base::Init::Init()@@GLIBCXX_3.4
                0x0000000000012f3c                opendir
                0x0000000000012f48                std::basic_filebuf<char, std::char_traits<char> >::~basic_filebuf()@@GLIBCXX_3.4
                0x0000000000012f54                access
                0x0000000000012f60                sprintf
                0x0000000000012f6c                std::__cxx11::basic_string<char, std::char_traits<char>, std::allocator<char> >::resize(unsigned int, char)@@GLIBCXX_3.4.21
                0x0000000000012f78                fclose
                0x0000000000012f84                __cxa_end_catch@@CXXABI_1.3
                0x0000000000012f90                __gxx_personality_v0@@CXXABI_1.3
                0x0000000000012f9c                stat
                0x0000000000012fa8                readdir
                0x0000000000012fb4                close
                0x0000000000012fc0                fgets
                0x0000000000012fcc                pthread_attr_setschedparam
                0x0000000000012fd8                std::basic_ios<char, std::char_traits<char> >::clear(std::_Ios_Iostate)@@GLIBCXX_3.4
                0x0000000000012fe4                std::__cxx11::basic_string<char, std::char_traits<char>, std::allocator<char> >::find(char const*, unsigned int, unsigned int) const@@GLIBCXX_3.4.21
                0x0000000000012ff0                __cxa_throw@@CXXABI_1.3
                0x0000000000012ffc                std::__cxx11::basic_string<char, std::char_traits<char>, std::allocator<char> >::_M_create(unsigned int&, unsigned int)@@GLIBCXX_3.4.21
                0x0000000000013008                std::__cxx11::basic_string<char, std::char_traits<char>, std::allocator<char> >::rfind(char, unsigned int) const@@GLIBCXX_3.4.21
                0x0000000000013014                pthread_join
                0x0000000000013020                std::exception::~exception()@@GLIBCXX_3.4
                0x000000000001302c                std::__basic_file<char>::~__basic_file()@@GLIBCXX_3.4
                0x0000000000013038                __assert
                0x0000000000013044                system
                0x0000000000013050                std::__cxx11::basic_string<char, std::char_traits<char>, std::allocator<char> >::append(char const*)@@GLIBCXX_3.4.21
                0x000000000001305c                std::__cxx11::basic_string<char, std::char_traits<char>, std::allocator<char> >::_M_erase(unsigned int, unsigned int)@@GLIBCXX_3.4.21
                0x0000000000013068                strcat
                0x0000000000013074                std::__cxx11::basic_string<char, std::char_traits<char>, std::allocator<char> >::_M_mutate(unsigned int, unsigned int, char const*, unsigned int)@@GLIBCXX_3.4.21
                0x0000000000013080                std::ios_base::Init::~Init()@@GLIBCXX_3.4

.iplt           0x000000000001308c        0x0
 *(.iplt)
 .iplt          0x000000000001308c        0x0 /home/it/Downloads/event-test/sourcebase/cross-compile/rts39xx_sdk_v5.0.1/toolchain/asdk-10.3.1-a7-EL-5.4-u1.0-a32nh-220218/bin/../lib/gcc/arm-linux-uclibcgnueabi/10.3.1/../../../../arm-linux-uclibcgnueabi/lib/crt1.o

.text           0x0000000000013090    0x17838
 *(.text.unlikely .text.*_unlikely .text.unlikely.*)
 .text.unlikely
                0x0000000000013090      0x280 _build_vvtk_I03S-debug/utils.o
 *(.text.exit .text.exit.*)
 *(.text.startup .text.startup.*)
 .text.startup  0x0000000000013310      0x108 _build_vvtk_I03S-debug/ak.o
                0x0000000000013310                main
 .text.startup  0x0000000000013418       0x30 _build_vvtk_I03S-debug/app.o
 .text.startup  0x0000000000013448       0x30 _build_vvtk_I03S-debug/task_webrtc.o
 .text.startup  0x0000000000013478       0x30 _build_vvtk_I03S-debug/utils.o
 *(.text.hot .text.hot.*)
 *(SORT_BY_NAME(.text.sorted.*))
 *(.text .stub .text.* .gnu.linkonce.t.*)
 .text          0x00000000000134a8       0x3c /home/it/Downloads/event-test/sourcebase/cross-compile/rts39xx_sdk_v5.0.1/toolchain/asdk-10.3.1-a7-EL-5.4-u1.0-a32nh-220218/bin/../lib/gcc/arm-linux-uclibcgnueabi/10.3.1/../../../../arm-linux-uclibcgnueabi/lib/crt1.o
                0x00000000000134a8                _start
 .text          0x00000000000134e4        0x0 /home/it/Downloads/event-test/sourcebase/cross-compile/rts39xx_sdk_v5.0.1/toolchain/asdk-10.3.1-a7-EL-5.4-u1.0-a32nh-220218/bin/../lib/gcc/arm-linux-uclibcgnueabi/10.3.1/../../../../arm-linux-uclibcgnueabi/lib/crti.o
 .text          0x00000000000134e4       0xd8 /home/it/Downloads/event-test/sourcebase/cross-compile/rts39xx_sdk_v5.0.1/toolchain/asdk-10.3.1-a7-EL-5.4-u1.0-a32nh-220218/bin/../lib/gcc/arm-linux-uclibcgnueabi/10.3.1/crtbegin.o
 *fill*         0x00000000000135bc        0x4 
 .text          0x00000000000135c0     0x1c08 _build_vvtk_I03S-debug/ak.o
                0x00000000000135c0                wait_all_tasks_started()
                0x0000000000013628                get_pure_msg()
                0x00000000000136c0                get_dynamic_msg()
                0x0000000000013758                get_common_msg()
                0x00000000000137f0                ak_memcpy_msg(ak_msg_t*)
                0x0000000000013b60                ak_msg_free(ak_msg_t*)
                0x0000000000013b7c                set_msg_sig(ak_msg_t*, unsigned int)
                0x0000000000013ba0                set_msg_root_task_id(ak_msg_t*, unsigned int)
                0x0000000000013bc4                set_msg_des_task_id(ak_msg_t*, unsigned int)
                0x0000000000013be8                set_msg_src_task_id(ak_msg_t*, unsigned int)
                0x0000000000013c0c                set_if_des_task_id(ak_msg_t*, unsigned int)
                0x0000000000013c30                set_if_src_task_id(ak_msg_t*, unsigned int)
                0x0000000000013c54                set_if_des_type(ak_msg_t*, unsigned int)
                0x0000000000013c78                set_if_src_type(ak_msg_t*, unsigned int)
                0x0000000000013c9c                set_if_sig(ak_msg_t*, unsigned int)
                0x0000000000013cc0                set_if_data_common_msg(ak_msg_t*, unsigned char*, unsigned int)
                0x0000000000013d60                set_if_data_dynamic_msg(ak_msg_t*, unsigned char*, unsigned int)
                0x0000000000013de4                set_data_common_msg(ak_msg_t*, unsigned char*, unsigned int)
                0x0000000000013e84                get_data_common_msg(ak_msg_t*, unsigned char*, unsigned int)
                0x0000000000013eec                get_data_common_msg(ak_msg_t*)
                0x0000000000013f60                get_data_len_common_msg(ak_msg_t*)
                0x0000000000013fb4                set_data_dynamic_msg(ak_msg_t*, unsigned char*, unsigned int)
                0x0000000000014038                get_data_dynamic_msg(ak_msg_t*, unsigned char*, unsigned int)
                0x00000000000140a0                get_data_len_dynamic_msg(ak_msg_t*)
                0x00000000000140f4                task_post(unsigned int, ak_msg_t*)
                0x000000000001418c                task_post_pure_msg(unsigned int, unsigned int, unsigned int)
                0x0000000000014298                task_post_pure_msg(unsigned int, unsigned int)
                0x00000000000143a0                task_post_common_msg(unsigned int, unsigned int, unsigned int, unsigned char*, unsigned int)
                0x0000000000014518                task_post_common_msg(unsigned int, unsigned int, unsigned char*, unsigned int)
                0x0000000000014688                task_post_dynamic_msg(unsigned int, unsigned int, unsigned int, unsigned char*, unsigned int)
                0x00000000000147d8                task_post_dynamic_msg(unsigned int, unsigned int, unsigned char*, unsigned int)
                0x0000000000014920                task_root_post_pure_msg(unsigned int, unsigned int, unsigned int, unsigned int)
                0x0000000000014a30                task_root_post_pure_msg(unsigned int, unsigned int, unsigned int)
                0x0000000000014b38                task_root_post_common_msg(unsigned int, unsigned int, unsigned int, unsigned int, unsigned char*, unsigned int)
                0x0000000000014cb8                task_root_post_common_msg(unsigned int, unsigned int, unsigned int, unsigned char*, unsigned int)
                0x0000000000014e38                task_root_post_dynamic_msg(unsigned int, unsigned int, unsigned int, unsigned int, unsigned char*, unsigned int)
                0x0000000000014f90                task_root_post_dynamic_msg(unsigned int, unsigned int, unsigned int, unsigned char*, unsigned int)
                0x00000000000150e0                ak_msg_rev(unsigned int)
                0x0000000000015174                get_msg_type(ak_msg_t*)
                0x0000000000015180                get_task_id()
 .text          0x00000000000151c8      0x1a0 _build_vvtk_I03S-debug/message.o
                0x00000000000151c8                q_msg_init(q_msg_t*)
                0x00000000000151e0                q_msg_put(q_msg_t*, ak_msg_t*)
                0x0000000000015244                q_msg_get(q_msg_t*)
                0x00000000000152ac                q_msg_free(ak_msg_t*)
                0x00000000000152ec                q_msg_len(q_msg_t*)
                0x0000000000015330                q_msg_available(q_msg_t*)
 .text          0x0000000000015368      0x59c _build_vvtk_I03S-debug/timer.o
                0x000000000001541c                timer_handler(sigval)
                0x00000000000154dc                timer_entry(void*)
                0x0000000000015570                timer_set(unsigned int, unsigned int, unsigned int, unsigned int, timer_type_t)
                0x0000000000015714                timer_set(unsigned int, unsigned int, unsigned int, timer_type_t)
                0x00000000000158b8                timer_remove_attr(unsigned int, unsigned int)
                0x00000000000158f4                timer_stick_get()
 .text          0x0000000000015904        0xc _build_vvtk_I03S-debug/fsm.o
                0x0000000000015904                fsm_dispatch(fsm_t*, ak_msg_t*)
 .text          0x0000000000015910       0xc0 _build_vvtk_I03S-debug/tsm.o
                0x0000000000015910                tsm_init(tsm_tbl_t*, tsm_t**, unsigned char)
                0x0000000000015944                tsm_dispatch(tsm_tbl_t*, ak_msg_t*)
                0x00000000000159b4                tsm_tran(tsm_tbl_t*, unsigned char)
 .text          0x00000000000159d0       0xb0 _build_vvtk_I03S-debug/sys_dbg.o
                0x00000000000159d0                sys_dbg_fatal(char const*, unsigned char)
                0x00000000000159f4                sys_dbg_get_time()
 .text          0x0000000000015a80       0x94 _build_vvtk_I03S-debug/app.o
                0x0000000000015a80                task_init()
 .text._ZNKSt5ctypeIcE8do_widenEc
                0x0000000000015b14        0x8 _build_vvtk_I03S-debug/app.o
                0x0000000000015b14                std::ctype<char>::do_widen(char) const
 .text          0x0000000000015b1c        0x0 _build_vvtk_I03S-debug/task_list.o
 .text          0x0000000000015b1c       0xe4 _build_vvtk_I03S-debug/task_webrtc.o
                0x0000000000015b1c                gw_task_webrtc_entry(void*)
 .text          0x0000000000015c00      0x1f4 _build_vvtk_I03S-debug/cmd_line.o
                0x0000000000015c00                cmd_line_parser
                0x0000000000015cf0                cmd_str_parser
                0x0000000000015dd4                cmd_str_parser_get_attr
 .text          0x0000000000015df4      0x7a8 _build_vvtk_I03S-debug/jsmn.o
                0x0000000000015df4                jsmn_parse(jsmn_parser*, char const*, unsigned int, jsmntok_t*, unsigned int)
                0x0000000000016588                jsmn_init(jsmn_parser*)
 .text          0x000000000001659c     0x4304 _build_vvtk_I03S-debug/utils.o
                0x0000000000016a90                get_mac_address[abi:cxx11]()
                0x0000000000016c64                get_device_id[abi:cxx11]()
                0x0000000000016d98                write_raw_file(std::__cxx11::basic_string<char, std::char_traits<char>, std::allocator<char> >, std::__cxx11::basic_string<char, std::char_traits<char>, std::allocator<char> > const&)
                0x0000000000016df4                read_raw_file(std::__cxx11::basic_string<char, std::char_traits<char>, std::allocator<char> >&, std::__cxx11::basic_string<char, std::char_traits<char>, std::allocator<char> > const&)
                0x0000000000016e90                erase_all_string(std::__cxx11::basic_string<char, std::char_traits<char>, std::allocator<char> >&, std::__cxx11::basic_string<char, std::char_traits<char>, std::allocator<char> >&)
                0x0000000000016f30                replace_all_string(std::__cxx11::basic_string<char, std::char_traits<char>, std::allocator<char> >&, std::__cxx11::basic_string<char, std::char_traits<char>, std::allocator<char> >&, std::__cxx11::basic_string<char, std::char_traits<char>, std::allocator<char> >&)
                0x0000000000016fc0                bytetoHexChar(unsigned char, unsigned char*)
                0x0000000000016fec                bytestoHexChars(unsigned char*, int, unsigned char*)
                0x000000000001704c                hexChartoByte(unsigned char*, unsigned char*)
                0x00000000000170c4                hexCharsToBytes(unsigned char*, int, unsigned char*)
                0x000000000001717c                get_ip_address[abi:cxx11]()
                0x0000000000017360                get_usb_usage(char const*)
                0x00000000000175a4                get_usb_remain(char const*)
                0x00000000000177e8                check_usb_encrypted(char const*)
                0x0000000000017800                touch_full_file(char const*)
                0x000000000001787c                check_file_exist(char const*)
                0x0000000000017894                exec_prog(int, char const**)
                0x0000000000017984                sizeOfFile(char const*)
                0x00000000000179bc                systemCmd(char const*, ...)
                0x0000000000017a68                safe_strcpy(char*, char const*, unsigned int)
                0x0000000000017a8c                getFileName(std::__cxx11::basic_string<char, std::char_traits<char>, std::allocator<char> > const&)
                0x0000000000017b8c                appendStringToFile(char const*, std::__cxx11::basic_string<char, std::char_traits<char>, std::allocator<char> >)
                0x000000000001976c                string_split(std::__cxx11::basic_string<char, std::char_traits<char>, std::allocator<char> >&, std::__cxx11::basic_string<char, std::char_traits<char>, std::allocator<char> >)
                0x0000000000019fa0                get_list_music(char const*, nlohmann::basic_json<std::map, std::vector, std::__cxx11::basic_string<char, std::char_traits<char>, std::allocator<char> >, bool, long long, unsigned long long, double, std::allocator, nlohmann::adl_serializer, std::vector<unsigned char, std::allocator<unsigned char> > >&)
                0x000000000001a340                write_json_file(nlohmann::basic_json<std::map, std::vector, std::__cxx11::basic_string<char, std::char_traits<char>, std::allocator<char> >, bool, long long, unsigned long long, double, std::allocator, nlohmann::adl_serializer, std::vector<unsigned char, std::allocator<unsigned char> > >, std::__cxx11::basic_string<char, std::char_traits<char>, std::allocator<char> > const&)
                0x000000000001a3f8                read_json_file(nlohmann::basic_json<std::map, std::vector, std::__cxx11::basic_string<char, std::char_traits<char>, std::allocator<char> >, bool, long long, unsigned long long, double, std::allocator, nlohmann::adl_serializer, std::vector<unsigned char, std::allocator<unsigned char> > >&, std::__cxx11::basic_string<char, std::char_traits<char>, std::allocator<char> > const&)
 .text._ZN8nlohmann6detail21output_string_adapterIcNSt7__cxx1112basic_stringIcSt11char_traitsIcESaIcEEEED2Ev
                0x000000000001a8a0        0x4 _build_vvtk_I03S-debug/utils.o
                0x000000000001a8a0                nlohmann::detail::output_string_adapter<char, std::__cxx11::basic_string<char, std::char_traits<char>, std::allocator<char> > >::~output_string_adapter()
                0x000000000001a8a0                nlohmann::detail::output_string_adapter<char, std::__cxx11::basic_string<char, std::char_traits<char>, std::allocator<char> > >::~output_string_adapter()
 .text._ZNSt23_Sp_counted_ptr_inplaceIN8nlohmann6detail21output_string_adapterIcNSt7__cxx1112basic_stringIcSt11char_traitsIcESaIcEEEEESaIS9_ELN9__gnu_cxx12_Lock_policyE2EED2Ev
                0x000000000001a8a4        0x4 _build_vvtk_I03S-debug/utils.o
                0x000000000001a8a4                std::_Sp_counted_ptr_inplace<nlohmann::detail::output_string_adapter<char, std::__cxx11::basic_string<char, std::char_traits<char>, std::allocator<char> > >, std::allocator<nlohmann::detail::output_string_adapter<char, std::__cxx11::basic_string<char, std::char_traits<char>, std::allocator<char> > > >, (__gnu_cxx::_Lock_policy)2>::~_Sp_counted_ptr_inplace()
                0x000000000001a8a4                std::_Sp_counted_ptr_inplace<nlohmann::detail::output_string_adapter<char, std::__cxx11::basic_string<char, std::char_traits<char>, std::allocator<char> > >, std::allocator<nlohmann::detail::output_string_adapter<char, std::__cxx11::basic_string<char, std::char_traits<char>, std::allocator<char> > > >, (__gnu_cxx::_Lock_policy)2>::~_Sp_counted_ptr_inplace()
 .text._ZNSt23_Sp_counted_ptr_inplaceIN8nlohmann6detail21output_string_adapterIcNSt7__cxx1112basic_stringIcSt11char_traitsIcESaIcEEEEESaIS9_ELN9__gnu_cxx12_Lock_policyE2EE10_M_disposeEv
                0x000000000001a8a8       0x10 _build_vvtk_I03S-debug/utils.o
                0x000000000001a8a8                std::_Sp_counted_ptr_inplace<nlohmann::detail::output_string_adapter<char, std::__cxx11::basic_string<char, std::char_traits<char>, std::allocator<char> > >, std::allocator<nlohmann::detail::output_string_adapter<char, std::__cxx11::basic_string<char, std::char_traits<char>, std::allocator<char> > > >, (__gnu_cxx::_Lock_policy)2>::_M_dispose()
 .text._ZNSt23_Sp_counted_ptr_inplaceIN8nlohmann6detail21output_string_adapterIcNSt7__cxx1112basic_stringIcSt11char_traitsIcESaIcEEEEESaIS9_ELN9__gnu_cxx12_Lock_policyE2EED0Ev
                0x000000000001a8b8       0x18 _build_vvtk_I03S-debug/utils.o
                0x000000000001a8b8                std::_Sp_counted_ptr_inplace<nlohmann::detail::output_string_adapter<char, std::__cxx11::basic_string<char, std::char_traits<char>, std::allocator<char> > >, std::allocator<nlohmann::detail::output_string_adapter<char, std::__cxx11::basic_string<char, std::char_traits<char>, std::allocator<char> > > >, (__gnu_cxx::_Lock_policy)2>::~_Sp_counted_ptr_inplace()
 .text._ZN8nlohmann6detail21output_string_adapterIcNSt7__cxx1112basic_stringIcSt11char_traitsIcESaIcEEEED0Ev
                0x000000000001a8d0       0x18 _build_vvtk_I03S-debug/utils.o
                0x000000000001a8d0                nlohmann::detail::output_string_adapter<char, std::__cxx11::basic_string<char, std::char_traits<char>, std::allocator<char> > >::~output_string_adapter()
 .text._ZNSt23_Sp_counted_ptr_inplaceIN8nlohmann6detail21output_string_adapterIcNSt7__cxx1112basic_stringIcSt11char_traitsIcESaIcEEEEESaIS9_ELN9__gnu_cxx12_Lock_policyE2EE10_M_destroyEv
                0x000000000001a8e8        0x8 _build_vvtk_I03S-debug/utils.o
                0x000000000001a8e8                std::_Sp_counted_ptr_inplace<nlohmann::detail::output_string_adapter<char, std::__cxx11::basic_string<char, std::char_traits<char>, std::allocator<char> > >, std::allocator<nlohmann::detail::output_string_adapter<char, std::__cxx11::basic_string<char, std::char_traits<char>, std::allocator<char> > > >, (__gnu_cxx::_Lock_policy)2>::_M_destroy()
 .text._ZNSt23_Sp_counted_ptr_inplaceIN8nlohmann6detail21output_string_adapterIcNSt7__cxx1112basic_stringIcSt11char_traitsIcESaIcEEEEESaIS9_ELN9__gnu_cxx12_Lock_policyE2EE14_M_get_deleterERKSt9type_info
                0x000000000001a8f0       0x3c _build_vvtk_I03S-debug/utils.o
                0x000000000001a8f0                std::_Sp_counted_ptr_inplace<nlohmann::detail::output_string_adapter<char, std::__cxx11::basic_string<char, std::char_traits<char>, std::allocator<char> > >, std::allocator<nlohmann::detail::output_string_adapter<char, std::__cxx11::basic_string<char, std::char_traits<char>, std::allocator<char> > > >, (__gnu_cxx::_Lock_policy)2>::_M_get_deleter(std::type_info const&)
 .text._ZNSt12_Vector_baseIN8nlohmann10basic_jsonISt3mapSt6vectorNSt7__cxx1112basic_stringIcSt11char_traitsIcESaIcEEEbxydSaNS0_14adl_serializerES3_IhSaIhEEEESaISD_EE11_M_allocateEj.constprop.0
                0x000000000001a92c       0x20 _build_vvtk_I03S-debug/utils.o
 .text._ZNKSt6vectorIN8nlohmann10basic_jsonISt3mapS_NSt7__cxx1112basic_stringIcSt11char_traitsIcESaIcEEEbxydSaNS0_14adl_serializerES_IhSaIhEEEESaISC_EE12_M_check_lenEjPKc.constprop.0.isra.0
                0x000000000001a94c       0x4c _build_vvtk_I03S-debug/utils.o
 .text._ZN8nlohmann6detail21output_string_adapterIcNSt7__cxx1112basic_stringIcSt11char_traitsIcESaIcEEEE16write_charactersEPKcj
                0x000000000001a998       0x2c _build_vvtk_I03S-debug/utils.o
                0x000000000001a998                nlohmann::detail::output_string_adapter<char, std::__cxx11::basic_string<char, std::char_traits<char>, std::allocator<char> > >::write_characters(char const*, unsigned int)
 .text._ZN8nlohmann6detail21output_string_adapterIcNSt7__cxx1112basic_stringIcSt11char_traitsIcESaIcEEEE15write_characterEc
                0x000000000001a9c4       0x74 _build_vvtk_I03S-debug/utils.o
                0x000000000001a9c4                nlohmann::detail::output_string_adapter<char, std::__cxx11::basic_string<char, std::char_traits<char>, std::allocator<char> > >::write_character(char)
 .text._ZNSt7__cxx119to_stringEj
                0x000000000001aa38      0x19c _build_vvtk_I03S-debug/utils.o
                0x000000000001aa38                std::__cxx11::to_string(unsigned int)
 .text._ZN8nlohmann6detail9exception4nameERKNSt7__cxx1112basic_stringIcSt11char_traitsIcESaIcEEEi
                0x000000000001abd4      0x490 _build_vvtk_I03S-debug/utils.o
                0x000000000001abd4                nlohmann::detail::exception::name(std::__cxx11::basic_string<char, std::char_traits<char>, std::allocator<char> > const&, int)
 .text._ZZN8nlohmann10basic_jsonISt3mapSt6vectorNSt7__cxx1112basic_stringIcSt11char_traitsIcESaIcEEEbxydSaNS_14adl_serializerES2_IhSaIhEEEC4ESt16initializer_listINS_6detail8json_refISC_EEEbNSE_7value_tEENKUlRKSG_E_clESK_.constprop.0
                0x000000000001b064       0x48 _build_vvtk_I03S-debug/utils.o
 .text._ZStplIcSt11char_traitsIcESaIcEENSt7__cxx1112basic_stringIT_T0_T1_EEOS8_S9_
                0x000000000001b0ac      0x118 _build_vvtk_I03S-debug/utils.o
                0x000000000001b0ac                std::__cxx11::basic_string<char, std::char_traits<char>, std::allocator<char> > std::operator+<char, std::char_traits<char>, std::allocator<char> >(std::__cxx11::basic_string<char, std::char_traits<char>, std::allocator<char> >&&, std::__cxx11::basic_string<char, std::char_traits<char>, std::allocator<char> >&&)
 .text._ZN8nlohmann6detail10serializerINS_10basic_jsonISt3mapSt6vectorNSt7__cxx1112basic_stringIcSt11char_traitsIcESaIcEEEbxydSaNS_14adl_serializerES4_IhSaIhEEEEED2Ev
                0x000000000001b1c4       0xe4 _build_vvtk_I03S-debug/utils.o
                0x000000000001b1c4                nlohmann::detail::serializer<nlohmann::basic_json<std::map, std::vector, std::__cxx11::basic_string<char, std::char_traits<char>, std::allocator<char> >, bool, long long, unsigned long long, double, std::allocator, nlohmann::adl_serializer, std::vector<unsigned char, std::allocator<unsigned char> > > >::~serializer()
                0x000000000001b1c4                nlohmann::detail::serializer<nlohmann::basic_json<std::map, std::vector, std::__cxx11::basic_string<char, std::char_traits<char>, std::allocator<char> >, bool, long long, unsigned long long, double, std::allocator, nlohmann::adl_serializer, std::vector<unsigned char, std::allocator<unsigned char> > > >::~serializer()
 .text._ZN8nlohmann10basic_jsonISt3mapSt6vectorNSt7__cxx1112basic_stringIcSt11char_traitsIcESaIcEEEbxydSaNS_14adl_serializerES2_IhSaIhEEEaSESC_
                0x000000000001b2a8      0x154 _build_vvtk_I03S-debug/utils.o
                0x000000000001b2a8                nlohmann::basic_json<std::map, std::vector, std::__cxx11::basic_string<char, std::char_traits<char>, std::allocator<char> >, bool, long long, unsigned long long, double, std::allocator, nlohmann::adl_serializer, std::vector<unsigned char, std::allocator<unsigned char> > >::operator=(nlohmann::basic_json<std::map, std::vector, std::__cxx11::basic_string<char, std::char_traits<char>, std::allocator<char> >, bool, long long, unsigned long long, double, std::allocator, nlohmann::adl_serializer, std::vector<unsigned char, std::allocator<unsigned char> > >)
 .text._ZNSt16_Sp_counted_baseILN9__gnu_cxx12_Lock_policyE2EE10_M_releaseEv
                0x000000000001b3fc       0xc4 _build_vvtk_I03S-debug/utils.o
                0x000000000001b3fc                std::_Sp_counted_base<(__gnu_cxx::_Lock_policy)2>::_M_release()
 .text._ZN8nlohmann10basic_jsonISt3mapSt6vectorNSt7__cxx1112basic_stringIcSt11char_traitsIcESaIcEEEbxydSaNS_14adl_serializerES2_IhSaIhEEEC2EOSC_
                0x000000000001b4c0      0x170 _build_vvtk_I03S-debug/utils.o
                0x000000000001b4c0                nlohmann::basic_json<std::map, std::vector, std::__cxx11::basic_string<char, std::char_traits<char>, std::allocator<char> >, bool, long long, unsigned long long, double, std::allocator, nlohmann::adl_serializer, std::vector<unsigned char, std::allocator<unsigned char> > >::basic_json(nlohmann::basic_json<std::map, std::vector, std::__cxx11::basic_string<char, std::char_traits<char>, std::allocator<char> >, bool, long long, unsigned long long, double, std::allocator, nlohmann::adl_serializer, std::vector<unsigned char, std::allocator<unsigned char> > >&&)
                0x000000000001b4c0                nlohmann::basic_json<std::map, std::vector, std::__cxx11::basic_string<char, std::char_traits<char>, std::allocator<char> >, bool, long long, unsigned long long, double, std::allocator, nlohmann::adl_serializer, std::vector<unsigned char, std::allocator<unsigned char> > >::basic_json(nlohmann::basic_json<std::map, std::vector, std::__cxx11::basic_string<char, std::char_traits<char>, std::allocator<char> >, bool, long long, unsigned long long, double, std::allocator, nlohmann::adl_serializer, std::vector<unsigned char, std::allocator<unsigned char> > >&&)
 .text._ZNSt6vectorINSt7__cxx1112basic_stringIcSt11char_traitsIcESaIcEEESaIS5_EE17_M_realloc_insertIJRKS5_EEEvN9__gnu_cxx17__normal_iteratorIPS5_S7_EEDpOT_
                0x000000000001b630      0x338 _build_vvtk_I03S-debug/utils.o
                0x000000000001b630                void std::vector<std::__cxx11::basic_string<char, std::char_traits<char>, std::allocator<char> >, std::allocator<std::__cxx11::basic_string<char, std::char_traits<char>, std::allocator<char> > > >::_M_realloc_insert<std::__cxx11::basic_string<char, std::char_traits<char>, std::allocator<char> > const&>(__gnu_cxx::__normal_iterator<std::__cxx11::basic_string<char, std::char_traits<char>, std::allocator<char> >*, std::vector<std::__cxx11::basic_string<char, std::char_traits<char>, std::allocator<char> >, std::allocator<std::__cxx11::basic_string<char, std::char_traits<char>, std::allocator<char> > > > >, std::__cxx11::basic_string<char, std::char_traits<char>, std::allocator<char> > const&)
 .text._ZN8nlohmann6detail11parse_error6createINS_10basic_jsonISt3mapSt6vectorNSt7__cxx1112basic_stringIcSt11char_traitsIcESaIcEEEbxydSaNS_14adl_serializerES5_IhSaIhEEEEEES1_iRKNS0_10position_tERKSB_RKT_
                0x000000000001b968      0xa98 _build_vvtk_I03S-debug/utils.o
                0x000000000001b968                nlohmann::detail::parse_error nlohmann::detail::parse_error::create<nlohmann::basic_json<std::map, std::vector, std::__cxx11::basic_string<char, std::char_traits<char>, std::allocator<char> >, bool, long long, unsigned long long, double, std::allocator, nlohmann::adl_serializer, std::vector<unsigned char, std::allocator<unsigned char> > > >(int, nlohmann::detail::position_t const&, std::__cxx11::basic_string<char, std::char_traits<char>, std::allocator<char> > const&, nlohmann::basic_json<std::map, std::vector, std::__cxx11::basic_string<char, std::char_traits<char>, std::allocator<char> >, bool, long long, unsigned long long, double, std::allocator, nlohmann::adl_serializer, std::vector<unsigned char, std::allocator<unsigned char> > > const&)
 .text._ZNSt6vectorIN8nlohmann10basic_jsonISt3mapS_NSt7__cxx1112basic_stringIcSt11char_traitsIcESaIcEEEbxydSaNS0_14adl_serializerES_IhSaIhEEEESaISC_EE7reserveEj
                0x000000000001c400      0x230 _build_vvtk_I03S-debug/utils.o
                0x000000000001c400                std::vector<nlohmann::basic_json<std::map, std::vector, std::__cxx11::basic_string<char, std::char_traits<char>, std::allocator<char> >, bool, long long, unsigned long long, double, std::allocator, nlohmann::adl_serializer, std::vector<unsigned char, std::allocator<unsigned char> > >, std::allocator<nlohmann::basic_json<std::map, std::vector, std::__cxx11::basic_string<char, std::char_traits<char>, std::allocator<char> >, bool, long long, unsigned long long, double, std::allocator, nlohmann::adl_serializer, std::vector<unsigned char, std::allocator<unsigned char> > > > >::reserve(unsigned int)
 .text._ZN8nlohmann10basic_jsonISt3mapSt6vectorNSt7__cxx1112basic_stringIcSt11char_traitsIcESaIcEEEbxydSaNS_14adl_serializerES2_IhSaIhEEE10json_value7destroyENS_6detail7value_tE
                0x000000000001c630      0x478 _build_vvtk_I03S-debug/utils.o
                0x000000000001c630                nlohmann::basic_json<std::map, std::vector, std::__cxx11::basic_string<char, std::char_traits<char>, std::allocator<char> >, bool, long long, unsigned long long, double, std::allocator, nlohmann::adl_serializer, std::vector<unsigned char, std::allocator<unsigned char> > >::json_value::destroy(nlohmann::detail::value_t)
 .text._ZN8nlohmann10basic_jsonISt3mapSt6vectorNSt7__cxx1112basic_stringIcSt11char_traitsIcESaIcEEEbxydSaNS_14adl_serializerES2_IhSaIhEEED2Ev
                0x000000000001caa8       0xec _build_vvtk_I03S-debug/utils.o
                0x000000000001caa8                nlohmann::basic_json<std::map, std::vector, std::__cxx11::basic_string<char, std::char_traits<char>, std::allocator<char> >, bool, long long, unsigned long long, double, std::allocator, nlohmann::adl_serializer, std::vector<unsigned char, std::allocator<unsigned char> > >::~basic_json()
                0x000000000001caa8                nlohmann::basic_json<std::map, std::vector, std::__cxx11::basic_string<char, std::char_traits<char>, std::allocator<char> >, bool, long long, unsigned long long, double, std::allocator, nlohmann::adl_serializer, std::vector<unsigned char, std::allocator<unsigned char> > >::~basic_json()
 .text._ZN8nlohmann6detail28json_sax_dom_callback_parserINS_10basic_jsonISt3mapSt6vectorNSt7__cxx1112basic_stringIcSt11char_traitsIcESaIcEEEbxydSaNS_14adl_serializerES4_IhSaIhEEEEED2Ev
                0x000000000001cb94       0x7c _build_vvtk_I03S-debug/utils.o
                0x000000000001cb94                nlohmann::detail::json_sax_dom_callback_parser<nlohmann::basic_json<std::map, std::vector, std::__cxx11::basic_string<char, std::char_traits<char>, std::allocator<char> >, bool, long long, unsigned long long, double, std::allocator, nlohmann::adl_serializer, std::vector<unsigned char, std::allocator<unsigned char> > > >::~json_sax_dom_callback_parser()
                0x000000000001cb94                nlohmann::detail::json_sax_dom_callback_parser<nlohmann::basic_json<std::map, std::vector, std::__cxx11::basic_string<char, std::char_traits<char>, std::allocator<char> >, bool, long long, unsigned long long, double, std::allocator, nlohmann::adl_serializer, std::vector<unsigned char, std::allocator<unsigned char> > > >::~json_sax_dom_callback_parser()
 .text._ZN8nlohmann10basic_jsonISt3mapSt6vectorNSt7__cxx1112basic_stringIcSt11char_traitsIcESaIcEEEbxydSaNS_14adl_serializerES2_IhSaIhEEE10json_valueC2ENS_6detail7value_tE
                0x000000000001cc10      0x12c _build_vvtk_I03S-debug/utils.o
                0x000000000001cc10                nlohmann::basic_json<std::map, std::vector, std::__cxx11::basic_string<char, std::char_traits<char>, std::allocator<char> >, bool, long long, unsigned long long, double, std::allocator, nlohmann::adl_serializer, std::vector<unsigned char, std::allocator<unsigned char> > >::json_value::json_value(nlohmann::detail::value_t)
                0x000000000001cc10                nlohmann::basic_json<std::map, std::vector, std::__cxx11::basic_string<char, std::char_traits<char>, std::allocator<char> >, bool, long long, unsigned long long, double, std::allocator, nlohmann::adl_serializer, std::vector<unsigned char, std::allocator<unsigned char> > >::json_value::json_value(nlohmann::detail::value_t)
 .text._ZNSt6vectorIN8nlohmann10basic_jsonISt3mapS_NSt7__cxx1112basic_stringIcSt11char_traitsIcESaIcEEEbxydSaNS0_14adl_serializerES_IhSaIhEEEESaISC_EED2Ev
                0x000000000001cd3c      0x12c _build_vvtk_I03S-debug/utils.o
                0x000000000001cd3c                std::vector<nlohmann::basic_json<std::map, std::vector, std::__cxx11::basic_string<char, std::char_traits<char>, std::allocator<char> >, bool, long long, unsigned long long, double, std::allocator, nlohmann::adl_serializer, std::vector<unsigned char, std::allocator<unsigned char> > >, std::allocator<nlohmann::basic_json<std::map, std::vector, std::__cxx11::basic_string<char, std::char_traits<char>, std::allocator<char> >, bool, long long, unsigned long long, double, std::allocator, nlohmann::adl_serializer, std::vector<unsigned char, std::allocator<unsigned char> > > > >::~vector()
                0x000000000001cd3c                std::vector<nlohmann::basic_json<std::map, std::vector, std::__cxx11::basic_string<char, std::char_traits<char>, std::allocator<char> >, bool, long long, unsigned long long, double, std::allocator, nlohmann::adl_serializer, std::vector<unsigned char, std::allocator<unsigned char> > >, std::allocator<nlohmann::basic_json<std::map, std::vector, std::__cxx11::basic_string<char, std::char_traits<char>, std::allocator<char> >, bool, long long, unsigned long long, double, std::allocator, nlohmann::adl_serializer, std::vector<unsigned char, std::allocator<unsigned char> > > > >::~vector()
 .text._ZN8nlohmann6detail10serializerINS_10basic_jsonISt3mapSt6vectorNSt7__cxx1112basic_stringIcSt11char_traitsIcESaIcEEEbxydSaNS_14adl_serializerES4_IhSaIhEEEEE12dump_escapedERKSA_b
                0x000000000001ce68      0xa00 _build_vvtk_I03S-debug/utils.o
                0x000000000001ce68                nlohmann::detail::serializer<nlohmann::basic_json<std::map, std::vector, std::__cxx11::basic_string<char, std::char_traits<char>, std::allocator<char> >, bool, long long, unsigned long long, double, std::allocator, nlohmann::adl_serializer, std::vector<unsigned char, std::allocator<unsigned char> > > >::dump_escaped(std::__cxx11::basic_string<char, std::char_traits<char>, std::allocator<char> > const&, bool)
 .text._ZN8nlohmann6detail10serializerINS_10basic_jsonISt3mapSt6vectorNSt7__cxx1112basic_stringIcSt11char_traitsIcESaIcEEEbxydSaNS_14adl_serializerES4_IhSaIhEEEEE12dump_integerIhLi0EEEvT_
                0x000000000001d868      0x1e4 _build_vvtk_I03S-debug/utils.o
                0x000000000001d868                void nlohmann::detail::serializer<nlohmann::basic_json<std::map, std::vector, std::__cxx11::basic_string<char, std::char_traits<char>, std::allocator<char> >, bool, long long, unsigned long long, double, std::allocator, nlohmann::adl_serializer, std::vector<unsigned char, std::allocator<unsigned char> > > >::dump_integer<unsigned char, 0>(unsigned char)
 .text._ZN8nlohmann6detail10serializerINS_10basic_jsonISt3mapSt6vectorNSt7__cxx1112basic_stringIcSt11char_traitsIcESaIcEEEbxydSaNS_14adl_serializerES4_IhSaIhEEEEE12dump_integerIyLi0EEEvT_
                0x000000000001da4c      0x304 _build_vvtk_I03S-debug/utils.o
                0x000000000001da4c                void nlohmann::detail::serializer<nlohmann::basic_json<std::map, std::vector, std::__cxx11::basic_string<char, std::char_traits<char>, std::allocator<char> >, bool, long long, unsigned long long, double, std::allocator, nlohmann::adl_serializer, std::vector<unsigned char, std::allocator<unsigned char> > > >::dump_integer<unsigned long long, 0>(unsigned long long)
 .text._ZNK8nlohmann6detail5lexerINS_10basic_jsonISt3mapSt6vectorNSt7__cxx1112basic_stringIcSt11char_traitsIcESaIcEEEbxydSaNS_14adl_serializerES4_IhSaIhEEEENS0_22iterator_input_adapterIN9__gnu_cxx17__normal_iteratorIPKcSA_EEEEE16get_token_stringEv
                0x000000000001dd50      0x134 _build_vvtk_I03S-debug/utils.o
                0x000000000001dd50                nlohmann::detail::lexer<nlohmann::basic_json<std::map, std::vector, std::__cxx11::basic_string<char, std::char_traits<char>, std::allocator<char> >, bool, long long, unsigned long long, double, std::allocator, nlohmann::adl_serializer, std::vector<unsigned char, std::allocator<unsigned char> > >, nlohmann::detail::iterator_input_adapter<__gnu_cxx::__normal_iterator<char const*, std::__cxx11::basic_string<char, std::char_traits<char>, std::allocator<char> > > > >::get_token_string() const
 .text._ZN8nlohmann6detail6parserINS_10basic_jsonISt3mapSt6vectorNSt7__cxx1112basic_stringIcSt11char_traitsIcESaIcEEEbxydSaNS_14adl_serializerES4_IhSaIhEEEENS0_22iterator_input_adapterIN9__gnu_cxx17__normal_iteratorIPKcSA_EEEEE17exception_messageENS0_10lexer_baseISE_E10token_typeERKSA_
                0x000000000001de84      0x5d4 _build_vvtk_I03S-debug/utils.o
                0x000000000001de84                nlohmann::detail::parser<nlohmann::basic_json<std::map, std::vector, std::__cxx11::basic_string<char, std::char_traits<char>, std::allocator<char> >, bool, long long, unsigned long long, double, std::allocator, nlohmann::adl_serializer, std::vector<unsigned char, std::allocator<unsigned char> > >, nlohmann::detail::iterator_input_adapter<__gnu_cxx::__normal_iterator<char const*, std::__cxx11::basic_string<char, std::char_traits<char>, std::allocator<char> > > > >::exception_message(nlohmann::detail::lexer_base<nlohmann::basic_json<std::map, std::vector, std::__cxx11::basic_string<char, std::char_traits<char>, std::allocator<char> >, bool, long long, unsigned long long, double, std::allocator, nlohmann::adl_serializer, std::vector<unsigned char, std::allocator<unsigned char> > > >::token_type, std::__cxx11::basic_string<char, std::char_traits<char>, std::allocator<char> > const&)
 .text._ZNSt6vectorINSt7__cxx1112basic_stringIcSt11char_traitsIcESaIcEEESaIS5_EE17_M_realloc_insertIJS5_EEEvN9__gnu_cxx17__normal_iteratorIPS5_S7_EEDpOT_
                0x000000000001e458      0x2a0 _build_vvtk_I03S-debug/utils.o
                0x000000000001e458                void std::vector<std::__cxx11::basic_string<char, std::char_traits<char>, std::allocator<char> >, std::allocator<std::__cxx11::basic_string<char, std::char_traits<char>, std::allocator<char> > > >::_M_realloc_insert<std::__cxx11::basic_string<char, std::char_traits<char>, std::allocator<char> > >(__gnu_cxx::__normal_iterator<std::__cxx11::basic_string<char, std::char_traits<char>, std::allocator<char> >*, std::vector<std::__cxx11::basic_string<char, std::char_traits<char>, std::allocator<char> >, std::allocator<std::__cxx11::basic_string<char, std::char_traits<char>, std::allocator<char> > > > >, std::__cxx11::basic_string<char, std::char_traits<char>, std::allocator<char> >&&)
 .text._ZNSt7__cxx1112basic_stringIcSt11char_traitsIcESaIcEE12_M_constructIPcEEvT_S7_St20forward_iterator_tag
                0x000000000001e6f8       0xb0 _build_vvtk_I03S-debug/utils.o
                0x000000000001e6f8                void std::__cxx11::basic_string<char, std::char_traits<char>, std::allocator<char> >::_M_construct<char*>(char*, char*, std::forward_iterator_tag)
 .text._ZN8nlohmann6detail12out_of_range6createINS_10basic_jsonISt3mapSt6vectorNSt7__cxx1112basic_stringIcSt11char_traitsIcESaIcEEEbxydSaNS_14adl_serializerES5_IhSaIhEEEEEES1_iRKSB_RKT_
                0x000000000001e7a8      0x2a4 _build_vvtk_I03S-debug/utils.o
                0x000000000001e7a8                nlohmann::detail::out_of_range nlohmann::detail::out_of_range::create<nlohmann::basic_json<std::map, std::vector, std::__cxx11::basic_string<char, std::char_traits<char>, std::allocator<char> >, bool, long long, unsigned long long, double, std::allocator, nlohmann::adl_serializer, std::vector<unsigned char, std::allocator<unsigned char> > > >(int, std::__cxx11::basic_string<char, std::char_traits<char>, std::allocator<char> > const&, nlohmann::basic_json<std::map, std::vector, std::__cxx11::basic_string<char, std::char_traits<char>, std::allocator<char> >, bool, long long, unsigned long long, double, std::allocator, nlohmann::adl_serializer, std::vector<unsigned char, std::allocator<unsigned char> > > const&)
 .text._ZN8nlohmann10basic_jsonISt3mapSt6vectorNSt7__cxx1112basic_stringIcSt11char_traitsIcESaIcEEEbxydSaNS_14adl_serializerES2_IhSaIhEEEC2ERKSC_
                0x000000000001ea4c      0x2e0 _build_vvtk_I03S-debug/utils.o
                0x000000000001ea4c                nlohmann::basic_json<std::map, std::vector, std::__cxx11::basic_string<char, std::char_traits<char>, std::allocator<char> >, bool, long long, unsigned long long, double, std::allocator, nlohmann::adl_serializer, std::vector<unsigned char, std::allocator<unsigned char> > >::basic_json(nlohmann::basic_json<std::map, std::vector, std::__cxx11::basic_string<char, std::char_traits<char>, std::allocator<char> >, bool, long long, unsigned long long, double, std::allocator, nlohmann::adl_serializer, std::vector<unsigned char, std::allocator<unsigned char> > > const&)
                0x000000000001ea4c                nlohmann::basic_json<std::map, std::vector, std::__cxx11::basic_string<char, std::char_traits<char>, std::allocator<char> >, bool, long long, unsigned long long, double, std::allocator, nlohmann::adl_serializer, std::vector<unsigned char, std::allocator<unsigned char> > >::basic_json(nlohmann::basic_json<std::map, std::vector, std::__cxx11::basic_string<char, std::char_traits<char>, std::allocator<char> >, bool, long long, unsigned long long, double, std::allocator, nlohmann::adl_serializer, std::vector<unsigned char, std::allocator<unsigned char> > > const&)
 .text._ZN8nlohmann6detail28json_sax_dom_callback_parserINS_10basic_jsonISt3mapSt6vectorNSt7__cxx1112basic_stringIcSt11char_traitsIcESaIcEEEbxydSaNS_14adl_serializerES4_IhSaIhEEEEE9end_arrayEv
                0x000000000001ed2c      0x184 _build_vvtk_I03S-debug/utils.o
                0x000000000001ed2c                nlohmann::detail::json_sax_dom_callback_parser<nlohmann::basic_json<std::map, std::vector, std::__cxx11::basic_string<char, std::char_traits<char>, std::allocator<char> >, bool, long long, unsigned long long, double, std::allocator, nlohmann::adl_serializer, std::vector<unsigned char, std::allocator<unsigned char> > > >::end_array()
 .text._ZNSt8_Rb_treeINSt7__cxx1112basic_stringIcSt11char_traitsIcESaIcEEESt4pairIKS5_N8nlohmann10basic_jsonISt3mapSt6vectorS5_bxydSaNS8_14adl_serializerESB_IhSaIhEEEEESt10_Select1stISG_ESt4lessIvESaISG_EE7_M_copyINSM_11_Alloc_nodeEEEPSt13_Rb_tree_nodeISG_EPKSQ_PSt18_Rb_tree_node_baseRT_.isra.0
                0x000000000001eeb0      0x2c0 _build_vvtk_I03S-debug/utils.o
 .text._ZNSt13_Bvector_baseISaIbEE13_M_deallocateEv
                0x000000000001f170       0x40 _build_vvtk_I03S-debug/utils.o
                0x000000000001f170                std::_Bvector_base<std::allocator<bool> >::_M_deallocate()
 .text._ZNSt6vectorIbSaIbEE13_M_insert_auxESt13_Bit_iteratorb
                0x000000000001f1b0      0x308 _build_vvtk_I03S-debug/utils.o
                0x000000000001f1b0                std::vector<bool, std::allocator<bool> >::_M_insert_aux(std::_Bit_iterator, bool)
 .text._ZNSt6vectorIbSaIbEE9push_backEb
                0x000000000001f4b8       0x7c _build_vvtk_I03S-debug/utils.o
                0x000000000001f4b8                std::vector<bool, std::allocator<bool> >::push_back(bool)
 .text._ZN8nlohmann6detail28json_sax_dom_callback_parserINS_10basic_jsonISt3mapSt6vectorNSt7__cxx1112basic_stringIcSt11char_traitsIcESaIcEEEbxydSaNS_14adl_serializerES4_IhSaIhEEEEE12handle_valueINS0_7value_tEEESt4pairIbPSE_EOT_b
                0x000000000001f534      0x2e4 _build_vvtk_I03S-debug/utils.o
                0x000000000001f534                std::pair<bool, nlohmann::basic_json<std::map, std::vector, std::__cxx11::basic_string<char, std::char_traits<char>, std::allocator<char> >, bool, long long, unsigned long long, double, std::allocator, nlohmann::adl_serializer, std::vector<unsigned char, std::allocator<unsigned char> > >*> nlohmann::detail::json_sax_dom_callback_parser<nlohmann::basic_json<std::map, std::vector, std::__cxx11::basic_string<char, std::char_traits<char>, std::allocator<char> >, bool, long long, unsigned long long, double, std::allocator, nlohmann::adl_serializer, std::vector<unsigned char, std::allocator<unsigned char> > > >::handle_value<nlohmann::detail::value_t>(nlohmann::detail::value_t&&, bool)
 .text._ZN8nlohmann10basic_jsonISt3mapSt6vectorNSt7__cxx1112basic_stringIcSt11char_traitsIcESaIcEEEbxydSaNS_14adl_serializerES2_IhSaIhEEE5eraseINS_6detail9iter_implISC_EELi0EEET_SH_
                0x000000000001f818      0x3c4 _build_vvtk_I03S-debug/utils.o
                0x000000000001f818                nlohmann::detail::iter_impl<nlohmann::basic_json<std::map, std::vector, std::__cxx11::basic_string<char, std::char_traits<char>, std::allocator<char> >, bool, long long, unsigned long long, double, std::allocator, nlohmann::adl_serializer, std::vector<unsigned char, std::allocator<unsigned char> > > > nlohmann::basic_json<std::map, std::vector, std::__cxx11::basic_string<char, std::char_traits<char>, std::allocator<char> >, bool, long long, unsigned long long, double, std::allocator, nlohmann::adl_serializer, std::vector<unsigned char, std::allocator<unsigned char> > >::erase<nlohmann::detail::iter_impl<nlohmann::basic_json<std::map, std::vector, std::__cxx11::basic_string<char, std::char_traits<char>, std::allocator<char> >, bool, long long, unsigned long long, double, std::allocator, nlohmann::adl_serializer, std::vector<unsigned char, std::allocator<unsigned char> > > >, 0>(nlohmann::detail::iter_impl<nlohmann::basic_json<std::map, std::vector, std::__cxx11::basic_string<char, std::char_traits<char>, std::allocator<char> >, bool, long long, unsigned long long, double, std::allocator, nlohmann::adl_serializer, std::vector<unsigned char, std::allocator<unsigned char> > > >)
 .text._ZN8nlohmann6detail28json_sax_dom_callback_parserINS_10basic_jsonISt3mapSt6vectorNSt7__cxx1112basic_stringIcSt11char_traitsIcESaIcEEEbxydSaNS_14adl_serializerES4_IhSaIhEEEEE10end_objectEv
                0x000000000001fbdc      0x3ac _build_vvtk_I03S-debug/utils.o
                0x000000000001fbdc                nlohmann::detail::json_sax_dom_callback_parser<nlohmann::basic_json<std::map, std::vector, std::__cxx11::basic_string<char, std::char_traits<char>, std::allocator<char> >, bool, long long, unsigned long long, double, std::allocator, nlohmann::adl_serializer, std::vector<unsigned char, std::allocator<unsigned char> > > >::end_object()
 .text._ZN8nlohmann10basic_jsonISt3mapSt6vectorNSt7__cxx1112basic_stringIcSt11char_traitsIcESaIcEEEbxydSaNS_14adl_serializerES2_IhSaIhEEEC2IRS8_S8_Li0EEEOT_
                0x000000000001ff88      0x100 _build_vvtk_I03S-debug/utils.o
                0x000000000001ff88                nlohmann::basic_json<std::map, std::vector, std::__cxx11::basic_string<char, std::char_traits<char>, std::allocator<char> >, bool, long long, unsigned long long, double, std::allocator, nlohmann::adl_serializer, std::vector<unsigned char, std::allocator<unsigned char> > >::basic_json<std::__cxx11::basic_string<char, std::char_traits<char>, std::allocator<char> >&, std::__cxx11::basic_string<char, std::char_traits<char>, std::allocator<char> >, 0>(std::__cxx11::basic_string<char, std::char_traits<char>, std::allocator<char> >&)
                0x000000000001ff88                nlohmann::basic_json<std::map, std::vector, std::__cxx11::basic_string<char, std::char_traits<char>, std::allocator<char> >, bool, long long, unsigned long long, double, std::allocator, nlohmann::adl_serializer, std::vector<unsigned char, std::allocator<unsigned char> > >::basic_json<std::__cxx11::basic_string<char, std::char_traits<char>, std::allocator<char> >&, std::__cxx11::basic_string<char, std::char_traits<char>, std::allocator<char> >, 0>(std::__cxx11::basic_string<char, std::char_traits<char>, std::allocator<char> >&)
 .text._ZN8nlohmann6detail28json_sax_dom_callback_parserINS_10basic_jsonISt3mapSt6vectorNSt7__cxx1112basic_stringIcSt11char_traitsIcESaIcEEEbxydSaNS_14adl_serializerES4_IhSaIhEEEEE12handle_valueIRbEESt4pairIbPSE_EOT_b
                0x0000000000020088      0x304 _build_vvtk_I03S-debug/utils.o
                0x0000000000020088                std::pair<bool, nlohmann::basic_json<std::map, std::vector, std::__cxx11::basic_string<char, std::char_traits<char>, std::allocator<char> >, bool, long long, unsigned long long, double, std::allocator, nlohmann::adl_serializer, std::vector<unsigned char, std::allocator<unsigned char> > >*> nlohmann::detail::json_sax_dom_callback_parser<nlohmann::basic_json<std::map, std::vector, std::__cxx11::basic_string<char, std::char_traits<char>, std::allocator<char> >, bool, long long, unsigned long long, double, std::allocator, nlohmann::adl_serializer, std::vector<unsigned char, std::allocator<unsigned char> > > >::handle_value<bool&>(bool&, bool)
 .text._ZNSt8_Rb_treeINSt7__cxx1112basic_stringIcSt11char_traitsIcESaIcEEESt4pairIKS5_N8nlohmann10basic_jsonISt3mapSt6vectorS5_bxydSaNS8_14adl_serializerESB_IhSaIhEEEEESt10_Select1stISG_ESt4lessIvESaISG_EE24_M_get_insert_unique_posERS7_
                0x000000000002038c      0x134 _build_vvtk_I03S-debug/utils.o
                0x000000000002038c                std::_Rb_tree<std::__cxx11::basic_string<char, std::char_traits<char>, std::allocator<char> >, std::pair<std::__cxx11::basic_string<char, std::char_traits<char>, std::allocator<char> > const, nlohmann::basic_json<std::map, std::vector, std::__cxx11::basic_string<char, std::char_traits<char>, std::allocator<char> >, bool, long long, unsigned long long, double, std::allocator, nlohmann::adl_serializer, std::vector<unsigned char, std::allocator<unsigned char> > > >, std::_Select1st<std::pair<std::__cxx11::basic_string<char, std::char_traits<char>, std::allocator<char> > const, nlohmann::basic_json<std::map, std::vector, std::__cxx11::basic_string<char, std::char_traits<char>, std::allocator<char> >, bool, long long, unsigned long long, double, std::allocator, nlohmann::adl_serializer, std::vector<unsigned char, std::allocator<unsigned char> > > > >, std::less<void>, std::allocator<std::pair<std::__cxx11::basic_string<char, std::char_traits<char>, std::allocator<char> > const, nlohmann::basic_json<std::map, std::vector, std::__cxx11::basic_string<char, std::char_traits<char>, std::allocator<char> >, bool, long long, unsigned long long, double, std::allocator, nlohmann::adl_serializer, std::vector<unsigned char, std::allocator<unsigned char> > > > > >::_M_get_insert_unique_pos(std::__cxx11::basic_string<char, std::char_traits<char>, std::allocator<char> > const&)
 .text._ZNSt3mapINSt7__cxx1112basic_stringIcSt11char_traitsIcESaIcEEEN8nlohmann10basic_jsonIS_St6vectorS5_bxydSaNS6_14adl_serializerES8_IhSaIhEEEESt4lessIvESaISt4pairIKS5_SC_EEEixERSG_
                0x00000000000204c0      0x104 _build_vvtk_I03S-debug/utils.o
                0x00000000000204c0                std::map<std::__cxx11::basic_string<char, std::char_traits<char>, std::allocator<char> >, nlohmann::basic_json<std::map, std::vector, std::__cxx11::basic_string<char, std::char_traits<char>, std::allocator<char> >, bool, long long, unsigned long long, double, std::allocator, nlohmann::adl_serializer, std::vector<unsigned char, std::allocator<unsigned char> > >, std::less<void>, std::allocator<std::pair<std::__cxx11::basic_string<char, std::char_traits<char>, std::allocator<char> > const, nlohmann::basic_json<std::map, std::vector, std::__cxx11::basic_string<char, std::char_traits<char>, std::allocator<char> >, bool, long long, unsigned long long, double, std::allocator, nlohmann::adl_serializer, std::vector<unsigned char, std::allocator<unsigned char> > > > > >::operator[](std::__cxx11::basic_string<char, std::char_traits<char>, std::allocator<char> > const&)
 .text._ZN8nlohmann6detail28json_sax_dom_callback_parserINS_10basic_jsonISt3mapSt6vectorNSt7__cxx1112basic_stringIcSt11char_traitsIcESaIcEEEbxydSaNS_14adl_serializerES4_IhSaIhEEEEE3keyERSA_
                0x00000000000205c4      0x2a4 _build_vvtk_I03S-debug/utils.o
                0x00000000000205c4                nlohmann::detail::json_sax_dom_callback_parser<nlohmann::basic_json<std::map, std::vector, std::__cxx11::basic_string<char, std::char_traits<char>, std::allocator<char> >, bool, long long, unsigned long long, double, std::allocator, nlohmann::adl_serializer, std::vector<unsigned char, std::allocator<unsigned char> > > >::key(std::__cxx11::basic_string<char, std::char_traits<char>, std::allocator<char> >&)
 .text._ZN8nlohmann10basic_jsonISt3mapSt6vectorNSt7__cxx1112basic_stringIcSt11char_traitsIcESaIcEEEbxydSaNS_14adl_serializerES2_IhSaIhEEEC2ESt16initializer_listINS_6detail8json_refISC_EEEbNSE_7value_tE
                0x0000000000020868      0x5fc _build_vvtk_I03S-debug/utils.o
                0x0000000000020868                nlohmann::basic_json<std::map, std::vector, std::__cxx11::basic_string<char, std::char_traits<char>, std::allocator<char> >, bool, long long, unsigned long long, double, std::allocator, nlohmann::adl_serializer, std::vector<unsigned char, std::allocator<unsigned char> > >::basic_json(std::initializer_list<nlohmann::detail::json_ref<nlohmann::basic_json<std::map, std::vector, std::__cxx11::basic_string<char, std::char_traits<char>, std::allocator<char> >, bool, long long, unsigned long long, double, std::allocator, nlohmann::adl_serializer, std::vector<unsigned char, std::allocator<unsigned char> > > > >, bool, nlohmann::detail::value_t)
                0x0000000000020868                nlohmann::basic_json<std::map, std::vector, std::__cxx11::basic_string<char, std::char_traits<char>, std::allocator<char> >, bool, long long, unsigned long long, double, std::allocator, nlohmann::adl_serializer, std::vector<unsigned char, std::allocator<unsigned char> > >::basic_json(std::initializer_list<nlohmann::detail::json_ref<nlohmann::basic_json<std::map, std::vector, std::__cxx11::basic_string<char, std::char_traits<char>, std::allocator<char> >, bool, long long, unsigned long long, double, std::allocator, nlohmann::adl_serializer, std::vector<unsigned char, std::allocator<unsigned char> > > > >, bool, nlohmann::detail::value_t)
 .text._ZNSt6vectorIPN8nlohmann10basic_jsonISt3mapS_NSt7__cxx1112basic_stringIcSt11char_traitsIcESaIcEEEbxydSaNS0_14adl_serializerES_IhSaIhEEEESaISD_EE17_M_realloc_insertIJRKSD_EEEvN9__gnu_cxx17__normal_iteratorIPSD_SF_EEDpOT_
                0x0000000000020e64      0x114 _build_vvtk_I03S-debug/utils.o
                0x0000000000020e64                void std::vector<nlohmann::basic_json<std::map, std::vector, std::__cxx11::basic_string<char, std::char_traits<char>, std::allocator<char> >, bool, long long, unsigned long long, double, std::allocator, nlohmann::adl_serializer, std::vector<unsigned char, std::allocator<unsigned char> > >*, std::allocator<nlohmann::basic_json<std::map, std::vector, std::__cxx11::basic_string<char, std::char_traits<char>, std::allocator<char> >, bool, long long, unsigned long long, double, std::allocator, nlohmann::adl_serializer, std::vector<unsigned char, std::allocator<unsigned char> > >*> >::_M_realloc_insert<nlohmann::basic_json<std::map, std::vector, std::__cxx11::basic_string<char, std::char_traits<char>, std::allocator<char> >, bool, long long, unsigned long long, double, std::allocator, nlohmann::adl_serializer, std::vector<unsigned char, std::allocator<unsigned char> > >* const&>(__gnu_cxx::__normal_iterator<nlohmann::basic_json<std::map, std::vector, std::__cxx11::basic_string<char, std::char_traits<char>, std::allocator<char> >, bool, long long, unsigned long long, double, std::allocator, nlohmann::adl_serializer, std::vector<unsigned char, std::allocator<unsigned char> > >**, std::vector<nlohmann::basic_json<std::map, std::vector, std::__cxx11::basic_string<char, std::char_traits<char>, std::allocator<char> >, bool, long long, unsigned long long, double, std::allocator, nlohmann::adl_serializer, std::vector<unsigned char, std::allocator<unsigned char> > >*, std::allocator<nlohmann::basic_json<std::map, std::vector, std::__cxx11::basic_string<char, std::char_traits<char>, std::allocator<char> >, bool, long long, unsigned long long, double, std::allocator, nlohmann::adl_serializer, std::vector<unsigned char, std::allocator<unsigned char> > >*> > >, nlohmann::basic_json<std::map, std::vector, std::__cxx11::basic_string<char, std::char_traits<char>, std::allocator<char> >, bool, long long, unsigned long long, double, std::allocator, nlohmann::adl_serializer, std::vector<unsigned char, std::allocator<unsigned char> > >* const&)
 .text._ZNSt6vectorIN8nlohmann10basic_jsonISt3mapS_NSt7__cxx1112basic_stringIcSt11char_traitsIcESaIcEEEbxydSaNS0_14adl_serializerES_IhSaIhEEEESaISC_EE12emplace_backIJRbEEERSC_DpOT_
                0x0000000000020f78      0x2fc _build_vvtk_I03S-debug/utils.o
                0x0000000000020f78                nlohmann::basic_json<std::map, std::vector, std::__cxx11::basic_string<char, std::char_traits<char>, std::allocator<char> >, bool, long long, unsigned long long, double, std::allocator, nlohmann::adl_serializer, std::vector<unsigned char, std::allocator<unsigned char> > >& std::vector<nlohmann::basic_json<std::map, std::vector, std::__cxx11::basic_string<char, std::char_traits<char>, std::allocator<char> >, bool, long long, unsigned long long, double, std::allocator, nlohmann::adl_serializer, std::vector<unsigned char, std::allocator<unsigned char> > >, std::allocator<nlohmann::basic_json<std::map, std::vector, std::__cxx11::basic_string<char, std::char_traits<char>, std::allocator<char> >, bool, long long, unsigned long long, double, std::allocator, nlohmann::adl_serializer, std::vector<unsigned char, std::allocator<unsigned char> > > > >::emplace_back<bool&>(bool&)
 .text._ZN8nlohmann6detail19json_sax_dom_parserINS_10basic_jsonISt3mapSt6vectorNSt7__cxx1112basic_stringIcSt11char_traitsIcESaIcEEEbxydSaNS_14adl_serializerES4_IhSaIhEEEEE12handle_valueIRbEEPSE_OT_
                0x0000000000021274      0x158 _build_vvtk_I03S-debug/utils.o
                0x0000000000021274                nlohmann::basic_json<std::map, std::vector, std::__cxx11::basic_string<char, std::char_traits<char>, std::allocator<char> >, bool, long long, unsigned long long, double, std::allocator, nlohmann::adl_serializer, std::vector<unsigned char, std::allocator<unsigned char> > >* nlohmann::detail::json_sax_dom_parser<nlohmann::basic_json<std::map, std::vector, std::__cxx11::basic_string<char, std::char_traits<char>, std::allocator<char> >, bool, long long, unsigned long long, double, std::allocator, nlohmann::adl_serializer, std::vector<unsigned char, std::allocator<unsigned char> > > >::handle_value<bool&>(bool&)
 .text._ZNSt6vectorIN8nlohmann10basic_jsonISt3mapS_NSt7__cxx1112basic_stringIcSt11char_traitsIcESaIcEEEbxydSaNS0_14adl_serializerES_IhSaIhEEEESaISC_EE17_M_realloc_insertIJNS0_6detail7value_tEEEEvN9__gnu_cxx17__normal_iteratorIPSC_SE_EEDpOT_
                0x00000000000213cc      0x3e8 _build_vvtk_I03S-debug/utils.o
                0x00000000000213cc                void std::vector<nlohmann::basic_json<std::map, std::vector, std::__cxx11::basic_string<char, std::char_traits<char>, std::allocator<char> >, bool, long long, unsigned long long, double, std::allocator, nlohmann::adl_serializer, std::vector<unsigned char, std::allocator<unsigned char> > >, std::allocator<nlohmann::basic_json<std::map, std::vector, std::__cxx11::basic_string<char, std::char_traits<char>, std::allocator<char> >, bool, long long, unsigned long long, double, std::allocator, nlohmann::adl_serializer, std::vector<unsigned char, std::allocator<unsigned char> > > > >::_M_realloc_insert<nlohmann::detail::value_t>(__gnu_cxx::__normal_iterator<nlohmann::basic_json<std::map, std::vector, std::__cxx11::basic_string<char, std::char_traits<char>, std::allocator<char> >, bool, long long, unsigned long long, double, std::allocator, nlohmann::adl_serializer, std::vector<unsigned char, std::allocator<unsigned char> > >*, std::vector<nlohmann::basic_json<std::map, std::vector, std::__cxx11::basic_string<char, std::char_traits<char>, std::allocator<char> >, bool, long long, unsigned long long, double, std::allocator, nlohmann::adl_serializer, std::vector<unsigned char, std::allocator<unsigned char> > >, std::allocator<nlohmann::basic_json<std::map, std::vector, std::__cxx11::basic_string<char, std::char_traits<char>, std::allocator<char> >, bool, long long, unsigned long long, double, std::allocator, nlohmann::adl_serializer, std::vector<unsigned char, std::allocator<unsigned char> > > > > >, nlohmann::detail::value_t&&)
 .text._ZNSt6vectorIPN8nlohmann10basic_jsonISt3mapS_NSt7__cxx1112basic_stringIcSt11char_traitsIcESaIcEEEbxydSaNS0_14adl_serializerES_IhSaIhEEEESaISD_EE17_M_realloc_insertIJSD_EEEvN9__gnu_cxx17__normal_iteratorIPSD_SF_EEDpOT_
                0x00000000000217b4      0x114 _build_vvtk_I03S-debug/utils.o
                0x00000000000217b4                void std::vector<nlohmann::basic_json<std::map, std::vector, std::__cxx11::basic_string<char, std::char_traits<char>, std::allocator<char> >, bool, long long, unsigned long long, double, std::allocator, nlohmann::adl_serializer, std::vector<unsigned char, std::allocator<unsigned char> > >*, std::allocator<nlohmann::basic_json<std::map, std::vector, std::__cxx11::basic_string<char, std::char_traits<char>, std::allocator<char> >, bool, long long, unsigned long long, double, std::allocator, nlohmann::adl_serializer, std::vector<unsigned char, std::allocator<unsigned char> > >*> >::_M_realloc_insert<nlohmann::basic_json<std::map, std::vector, std::__cxx11::basic_string<char, std::char_traits<char>, std::allocator<char> >, bool, long long, unsigned long long, double, std::allocator, nlohmann::adl_serializer, std::vector<unsigned char, std::allocator<unsigned char> > >*>(__gnu_cxx::__normal_iterator<nlohmann::basic_json<std::map, std::vector, std::__cxx11::basic_string<char, std::char_traits<char>, std::allocator<char> >, bool, long long, unsigned long long, double, std::allocator, nlohmann::adl_serializer, std::vector<unsigned char, std::allocator<unsigned char> > >**, std::vector<nlohmann::basic_json<std::map, std::vector, std::__cxx11::basic_string<char, std::char_traits<char>, std::allocator<char> >, bool, long long, unsigned long long, double, std::allocator, nlohmann::adl_serializer, std::vector<unsigned char, std::allocator<unsigned char> > >*, std::allocator<nlohmann::basic_json<std::map, std::vector, std::__cxx11::basic_string<char, std::char_traits<char>, std::allocator<char> >, bool, long long, unsigned long long, double, std::allocator, nlohmann::adl_serializer, std::vector<unsigned char, std::allocator<unsigned char> > >*> > >, nlohmann::basic_json<std::map, std::vector, std::__cxx11::basic_string<char, std::char_traits<char>, std::allocator<char> >, bool, long long, unsigned long long, double, std::allocator, nlohmann::adl_serializer, std::vector<unsigned char, std::allocator<unsigned char> > >*&&)
 .text._ZNSt6vectorIN8nlohmann10basic_jsonISt3mapS_NSt7__cxx1112basic_stringIcSt11char_traitsIcESaIcEEEbxydSaNS0_14adl_serializerES_IhSaIhEEEESaISC_EE17_M_realloc_insertIJRS8_EEEvN9__gnu_cxx17__normal_iteratorIPSC_SE_EEDpOT_
                0x00000000000218c8      0x440 _build_vvtk_I03S-debug/utils.o
                0x00000000000218c8                void std::vector<nlohmann::basic_json<std::map, std::vector, std::__cxx11::basic_string<char, std::char_traits<char>, std::allocator<char> >, bool, long long, unsigned long long, double, std::allocator, nlohmann::adl_serializer, std::vector<unsigned char, std::allocator<unsigned char> > >, std::allocator<nlohmann::basic_json<std::map, std::vector, std::__cxx11::basic_string<char, std::char_traits<char>, std::allocator<char> >, bool, long long, unsigned long long, double, std::allocator, nlohmann::adl_serializer, std::vector<unsigned char, std::allocator<unsigned char> > > > >::_M_realloc_insert<std::__cxx11::basic_string<char, std::char_traits<char>, std::allocator<char> >&>(__gnu_cxx::__normal_iterator<nlohmann::basic_json<std::map, std::vector, std::__cxx11::basic_string<char, std::char_traits<char>, std::allocator<char> >, bool, long long, unsigned long long, double, std::allocator, nlohmann::adl_serializer, std::vector<unsigned char, std::allocator<unsigned char> > >*, std::vector<nlohmann::basic_json<std::map, std::vector, std::__cxx11::basic_string<char, std::char_traits<char>, std::allocator<char> >, bool, long long, unsigned long long, double, std::allocator, nlohmann::adl_serializer, std::vector<unsigned char, std::allocator<unsigned char> > >, std::allocator<nlohmann::basic_json<std::map, std::vector, std::__cxx11::basic_string<char, std::char_traits<char>, std::allocator<char> >, bool, long long, unsigned long long, double, std::allocator, nlohmann::adl_serializer, std::vector<unsigned char, std::allocator<unsigned char> > > > > >, std::__cxx11::basic_string<char, std::char_traits<char>, std::allocator<char> >&)
 .text._ZN8nlohmann6detail9dtoa_impl18compute_boundariesIdEENS1_10boundariesET_
                0x0000000000021d08      0x228 _build_vvtk_I03S-debug/utils.o
                0x0000000000021d08                nlohmann::detail::dtoa_impl::boundaries nlohmann::detail::dtoa_impl::compute_boundaries<double>(double)
 .text._ZN8nlohmann6detail9dtoa_impl6grisu2IdEEvPcRiS4_T_
                0x0000000000021f30      0xdc8 _build_vvtk_I03S-debug/utils.o
                0x0000000000021f30                void nlohmann::detail::dtoa_impl::grisu2<double>(char*, int&, int&, double)
 .text._ZN8nlohmann6detail8to_charsIdEEPcS2_PKcT_
                0x0000000000022cf8      0x370 _build_vvtk_I03S-debug/utils.o
                0x0000000000022cf8                char* nlohmann::detail::to_chars<double>(char*, char const*, double)
 .text._ZN8nlohmann6detail10serializerINS_10basic_jsonISt3mapSt6vectorNSt7__cxx1112basic_stringIcSt11char_traitsIcESaIcEEEbxydSaNS_14adl_serializerES4_IhSaIhEEEEE4dumpERKSE_bbjj
                0x0000000000023068     0x1764 _build_vvtk_I03S-debug/utils.o
                0x0000000000023068                nlohmann::detail::serializer<nlohmann::basic_json<std::map, std::vector, std::__cxx11::basic_string<char, std::char_traits<char>, std::allocator<char> >, bool, long long, unsigned long long, double, std::allocator, nlohmann::adl_serializer, std::vector<unsigned char, std::allocator<unsigned char> > > >::dump(nlohmann::basic_json<std::map, std::vector, std::__cxx11::basic_string<char, std::char_traits<char>, std::allocator<char> >, bool, long long, unsigned long long, double, std::allocator, nlohmann::adl_serializer, std::vector<unsigned char, std::allocator<unsigned char> > > const&, bool, bool, unsigned int, unsigned int)
 .text._ZNK8nlohmann10basic_jsonISt3mapSt6vectorNSt7__cxx1112basic_stringIcSt11char_traitsIcESaIcEEEbxydSaNS_14adl_serializerES2_IhSaIhEEE4dumpEicbNS_6detail15error_handler_tE
                0x00000000000247cc      0x340 _build_vvtk_I03S-debug/utils.o
                0x00000000000247cc                nlohmann::basic_json<std::map, std::vector, std::__cxx11::basic_string<char, std::char_traits<char>, std::allocator<char> >, bool, long long, unsigned long long, double, std::allocator, nlohmann::adl_serializer, std::vector<unsigned char, std::allocator<unsigned char> > >::dump(int, char, bool, nlohmann::detail::error_handler_t) const
 .text._ZNSt6vectorIcSaIcEE17_M_realloc_insertIJcEEEvN9__gnu_cxx17__normal_iteratorIPcS1_EEDpOT_
                0x0000000000024b0c      0x114 _build_vvtk_I03S-debug/utils.o
                0x0000000000024b0c                void std::vector<char, std::allocator<char> >::_M_realloc_insert<char>(__gnu_cxx::__normal_iterator<char*, std::vector<char, std::allocator<char> > >, char&&)
 .text._ZN8nlohmann6detail5lexerINS_10basic_jsonISt3mapSt6vectorNSt7__cxx1112basic_stringIcSt11char_traitsIcESaIcEEEbxydSaNS_14adl_serializerES4_IhSaIhEEEENS0_22iterator_input_adapterIN9__gnu_cxx17__normal_iteratorIPKcSA_EEEEE3getEv
                0x0000000000024c20       0xc4 _build_vvtk_I03S-debug/utils.o
                0x0000000000024c20                nlohmann::detail::lexer<nlohmann::basic_json<std::map, std::vector, std::__cxx11::basic_string<char, std::char_traits<char>, std::allocator<char> >, bool, long long, unsigned long long, double, std::allocator, nlohmann::adl_serializer, std::vector<unsigned char, std::allocator<unsigned char> > >, nlohmann::detail::iterator_input_adapter<__gnu_cxx::__normal_iterator<char const*, std::__cxx11::basic_string<char, std::char_traits<char>, std::allocator<char> > > > >::get()
 .text._ZN8nlohmann6detail5lexerINS_10basic_jsonISt3mapSt6vectorNSt7__cxx1112basic_stringIcSt11char_traitsIcESaIcEEEbxydSaNS_14adl_serializerES4_IhSaIhEEEENS0_22iterator_input_adapterIN9__gnu_cxx17__normal_iteratorIPKcSA_EEEEE18next_byte_in_rangeESt16initializer_listIiE
                0x0000000000024ce4      0x258 _build_vvtk_I03S-debug/utils.o
                0x0000000000024ce4                nlohmann::detail::lexer<nlohmann::basic_json<std::map, std::vector, std::__cxx11::basic_string<char, std::char_traits<char>, std::allocator<char> >, bool, long long, unsigned long long, double, std::allocator, nlohmann::adl_serializer, std::vector<unsigned char, std::allocator<unsigned char> > >, nlohmann::detail::iterator_input_adapter<__gnu_cxx::__normal_iterator<char const*, std::__cxx11::basic_string<char, std::char_traits<char>, std::allocator<char> > > > >::next_byte_in_range(std::initializer_list<int>)
 .text._ZN8nlohmann6detail5lexerINS_10basic_jsonISt3mapSt6vectorNSt7__cxx1112basic_stringIcSt11char_traitsIcESaIcEEEbxydSaNS_14adl_serializerES4_IhSaIhEEEENS0_22iterator_input_adapterIN9__gnu_cxx17__normal_iteratorIPKcSA_EEEEE13get_codepointEv
                0x0000000000024f3c      0x3c4 _build_vvtk_I03S-debug/utils.o
                0x0000000000024f3c                nlohmann::detail::lexer<nlohmann::basic_json<std::map, std::vector, std::__cxx11::basic_string<char, std::char_traits<char>, std::allocator<char> >, bool, long long, unsigned long long, double, std::allocator, nlohmann::adl_serializer, std::vector<unsigned char, std::allocator<unsigned char> > >, nlohmann::detail::iterator_input_adapter<__gnu_cxx::__normal_iterator<char const*, std::__cxx11::basic_string<char, std::char_traits<char>, std::allocator<char> > > > >::get_codepoint()
 .text._ZN8nlohmann6detail5lexerINS_10basic_jsonISt3mapSt6vectorNSt7__cxx1112basic_stringIcSt11char_traitsIcESaIcEEEbxydSaNS_14adl_serializerES4_IhSaIhEEEENS0_22iterator_input_adapterIN9__gnu_cxx17__normal_iteratorIPKcSA_EEEEE11scan_stringEv
                0x0000000000025300      0xea4 _build_vvtk_I03S-debug/utils.o